0 verbose cli /usr/local/bin/node /usr/local/bin/npm
1 info using npm@11.14.0
2 info using node@v24.15.0
3 silly config load:file:/usr/local/lib/node_modules/npm/npmrc
4 silly config load:file:/Users/yusufbek/Documents/neurulab/.npmrc
5 silly config load:file:/Users/yusufbek/.npmrc
6 silly config load:file:/usr/local/etc/npmrc
7 verbose title npm install gray-matter remark remark-html
8 verbose argv "install" "gray-matter" "remark" "remark-html" "--cache" ".npm-cache"
9 verbose logfile logs-max:10 dir:/Users/yusufbek/Documents/neurulab/.npm-cache/_logs/2026-05-07T06_44_48_894Z-
10 verbose logfile /Users/yusufbek/Documents/neurulab/.npm-cache/_logs/2026-05-07T06_44_48_894Z-debug-0.log
11 silly logfile done cleaning log files
12 silly packumentCache heap:2348810240 maxSize:587202560 maxEntrySize:293601280
13 silly idealTree buildDeps
14 silly fetch manifest gray-matter@*
15 silly packumentCache full:https://registry.npmjs.org/gray-matter cache-miss
16 http fetch GET 200 https://registry.npmjs.org/gray-matter 461ms (cache miss)
17 silly packumentCache full:https://registry.npmjs.org/gray-matter set size:undefined disposed:false
18 silly fetch manifest remark@*
19 silly packumentCache full:https://registry.npmjs.org/remark cache-miss
20 http fetch GET 200 https://registry.npmjs.org/remark 188ms (cache miss)
21 silly packumentCache full:https://registry.npmjs.org/remark set size:undefined disposed:false
22 silly fetch manifest remark-html@*
23 silly packumentCache full:https://registry.npmjs.org/remark-html cache-miss
24 http fetch GET 200 https://registry.npmjs.org/npm 745ms
25 http fetch GET 200 https://registry.npmjs.org/remark-html 129ms (cache miss)
26 silly packumentCache full:https://registry.npmjs.org/remark-html set size:undefined disposed:false
27 silly placeDep ROOT gray-matter@4.0.3 OK for: web@0.1.0 want: *
28 silly placeDep ROOT remark@15.0.1 OK for: web@0.1.0 want: *
29 silly placeDep ROOT remark-html@16.0.1 OK for: web@0.1.0 want: *
30 silly fetch manifest js-yaml@^3.13.1
31 silly packumentCache full:https://registry.npmjs.org/js-yaml cache-miss
32 silly fetch manifest kind-of@^6.0.2
33 silly packumentCache full:https://registry.npmjs.org/kind-of cache-miss
34 silly fetch manifest section-matter@^1.0.0
35 silly packumentCache full:https://registry.npmjs.org/section-matter cache-miss
36 silly fetch manifest strip-bom-string@^1.0.0
37 silly packumentCache full:https://registry.npmjs.org/strip-bom-string cache-miss
38 silly fetch manifest unified@^11.0.0
39 silly packumentCache full:https://registry.npmjs.org/unified cache-miss
40 silly fetch manifest @types/mdast@^4.0.0
41 silly packumentCache full:https://registry.npmjs.org/@types%2fmdast cache-miss
42 silly fetch manifest remark-parse@^11.0.0
43 silly packumentCache full:https://registry.npmjs.org/remark-parse cache-miss
44 http fetch GET 200 https://registry.npmjs.org/kind-of 179ms (cache miss)
45 silly packumentCache full:https://registry.npmjs.org/kind-of set size:undefined disposed:false
46 silly fetch manifest remark-stringify@^11.0.0
47 silly packumentCache full:https://registry.npmjs.org/remark-stringify cache-miss
48 http fetch GET 200 https://registry.npmjs.org/js-yaml 182ms (cache miss)
49 silly packumentCache full:https://registry.npmjs.org/js-yaml set size:undefined disposed:false
50 silly fetch manifest @types/mdast@^4.0.0
51 silly packumentCache full:https://registry.npmjs.org/@types%2fmdast cache-miss
52 http fetch GET 200 https://registry.npmjs.org/remark-stringify 198ms (cache miss)
53 silly packumentCache full:https://registry.npmjs.org/remark-stringify set size:undefined disposed:false
54 silly fetch manifest hast-util-sanitize@^5.0.0
55 silly packumentCache full:https://registry.npmjs.org/hast-util-sanitize cache-miss
56 http fetch GET 200 https://registry.npmjs.org/@types%2fmdast 199ms (cache miss)
57 silly packumentCache full:https://registry.npmjs.org/@types%2fmdast set size:undefined disposed:false
58 silly fetch manifest mdast-util-to-hast@^13.0.0
59 silly packumentCache full:https://registry.npmjs.org/mdast-util-to-hast cache-miss
60 http fetch GET 200 https://registry.npmjs.org/strip-bom-string 499ms (cache miss)
61 silly packumentCache full:https://registry.npmjs.org/strip-bom-string set size:undefined disposed:false
62 silly fetch manifest hast-util-to-html@^9.0.0
63 silly packumentCache full:https://registry.npmjs.org/hast-util-to-html cache-miss
64 http fetch GET 200 https://registry.npmjs.org/section-matter 500ms (cache miss)
65 silly packumentCache full:https://registry.npmjs.org/section-matter set size:undefined disposed:false
66 silly fetch manifest unified@^11.0.0
67 silly packumentCache full:https://registry.npmjs.org/unified cache-miss
68 http fetch GET 200 https://registry.npmjs.org/hast-util-sanitize 125ms (cache miss)
69 silly packumentCache full:https://registry.npmjs.org/hast-util-sanitize set size:undefined disposed:false
70 http fetch GET 200 https://registry.npmjs.org/remark-parse 506ms (cache miss)
71 silly packumentCache full:https://registry.npmjs.org/remark-parse set size:undefined disposed:false
72 http fetch GET 200 https://registry.npmjs.org/@types%2fmdast 512ms (cache miss)
73 silly packumentCache full:https://registry.npmjs.org/@types%2fmdast set size:undefined disposed:false
74 http fetch GET 200 https://registry.npmjs.org/mdast-util-to-hast 135ms (cache miss)
75 silly packumentCache full:https://registry.npmjs.org/mdast-util-to-hast set size:undefined disposed:false
76 http fetch GET 200 https://registry.npmjs.org/unified 582ms (cache miss)
77 silly packumentCache full:https://registry.npmjs.org/unified set size:undefined disposed:false
78 http fetch GET 200 https://registry.npmjs.org/hast-util-to-html 138ms (cache miss)
79 silly packumentCache full:https://registry.npmjs.org/hast-util-to-html set size:undefined disposed:false
80 http fetch GET 200 https://registry.npmjs.org/unified 183ms (cache miss)
81 silly packumentCache full:https://registry.npmjs.org/unified set size:undefined disposed:false
82 silly placeDep node_modules/gray-matter js-yaml@3.14.2 OK for: gray-matter@4.0.3 want: ^3.13.1
83 silly placeDep ROOT kind-of@6.0.3 OK for: gray-matter@4.0.3 want: ^6.0.2
84 silly placeDep ROOT section-matter@1.0.0 OK for: gray-matter@4.0.3 want: ^1.0.0
85 silly placeDep ROOT strip-bom-string@1.0.0 OK for: gray-matter@4.0.3 want: ^1.0.0
86 silly fetch manifest esprima@^4.0.0
87 silly packumentCache full:https://registry.npmjs.org/esprima cache-miss
88 silly fetch manifest argparse@^1.0.7
89 silly packumentCache full:https://registry.npmjs.org/argparse cache-miss
90 silly fetch manifest extend-shallow@^2.0.1
91 silly packumentCache full:https://registry.npmjs.org/extend-shallow cache-miss
92 http fetch GET 200 https://registry.npmjs.org/argparse 120ms (cache miss)
93 silly packumentCache full:https://registry.npmjs.org/argparse set size:undefined disposed:false
94 http fetch GET 200 https://registry.npmjs.org/esprima 121ms (cache miss)
95 silly packumentCache full:https://registry.npmjs.org/esprima set size:undefined disposed:false
96 http fetch GET 200 https://registry.npmjs.org/extend-shallow 122ms (cache miss)
97 silly packumentCache full:https://registry.npmjs.org/extend-shallow set size:undefined disposed:false
98 silly placeDep ROOT @types/mdast@4.0.4 OK for: remark@15.0.1 want: ^4.0.0
99 silly placeDep ROOT remark-parse@11.0.0 OK for: remark@15.0.1 want: ^11.0.0
100 silly placeDep ROOT remark-stringify@11.0.0 OK for: remark@15.0.1 want: ^11.0.0
101 silly placeDep ROOT unified@11.0.5 OK for: remark@15.0.1 want: ^11.0.0
102 silly fetch manifest @types/unist@*
103 silly packumentCache full:https://registry.npmjs.org/@types%2funist cache-miss
104 silly fetch manifest mdast-util-from-markdown@^2.0.0
105 silly packumentCache full:https://registry.npmjs.org/mdast-util-from-markdown cache-miss
106 silly fetch manifest micromark-util-types@^2.0.0
107 silly packumentCache full:https://registry.npmjs.org/micromark-util-types cache-miss
108 silly fetch manifest mdast-util-to-markdown@^2.0.0
109 silly packumentCache full:https://registry.npmjs.org/mdast-util-to-markdown cache-miss
110 silly fetch manifest @types/unist@^3.0.0
111 silly packumentCache full:https://registry.npmjs.org/@types%2funist cache-miss
112 silly fetch manifest bail@^2.0.0
113 silly packumentCache full:https://registry.npmjs.org/bail cache-miss
114 silly fetch manifest devlop@^1.0.0
115 silly packumentCache full:https://registry.npmjs.org/devlop cache-miss
116 http fetch GET 200 https://registry.npmjs.org/micromark-util-types 187ms (cache miss)
117 silly packumentCache full:https://registry.npmjs.org/micromark-util-types set size:undefined disposed:false
118 silly fetch manifest extend@^3.0.0
119 silly packumentCache full:https://registry.npmjs.org/extend cache-miss
120 http fetch GET 200 https://registry.npmjs.org/devlop 188ms (cache miss)
121 silly packumentCache full:https://registry.npmjs.org/devlop set size:undefined disposed:false
122 silly fetch manifest is-plain-obj@^4.0.0
123 silly packumentCache full:https://registry.npmjs.org/is-plain-obj cache-miss
124 http fetch GET 200 https://registry.npmjs.org/bail 190ms (cache miss)
125 silly packumentCache full:https://registry.npmjs.org/bail set size:undefined disposed:false
126 silly fetch manifest trough@^2.0.0
127 silly packumentCache full:https://registry.npmjs.org/trough cache-miss
128 http fetch GET 200 https://registry.npmjs.org/@types%2funist 194ms (cache miss)
129 silly packumentCache full:https://registry.npmjs.org/@types%2funist set size:undefined disposed:false
130 silly fetch manifest vfile@^6.0.0
131 silly packumentCache full:https://registry.npmjs.org/vfile cache-miss
132 http fetch GET 200 https://registry.npmjs.org/@types%2funist 195ms (cache miss)
133 silly packumentCache full:https://registry.npmjs.org/@types%2funist set size:undefined disposed:false
134 http fetch GET 200 https://registry.npmjs.org/mdast-util-to-markdown 196ms (cache miss)
135 silly packumentCache full:https://registry.npmjs.org/mdast-util-to-markdown set size:undefined disposed:false
136 http fetch GET 200 https://registry.npmjs.org/mdast-util-from-markdown 197ms (cache miss)
137 silly packumentCache full:https://registry.npmjs.org/mdast-util-from-markdown set size:undefined disposed:false
138 http fetch GET 200 https://registry.npmjs.org/extend 194ms (cache miss)
139 silly packumentCache full:https://registry.npmjs.org/extend set size:undefined disposed:false
140 http fetch GET 200 https://registry.npmjs.org/is-plain-obj 194ms (cache miss)
141 silly packumentCache full:https://registry.npmjs.org/is-plain-obj set size:undefined disposed:false
142 http fetch GET 200 https://registry.npmjs.org/trough 191ms (cache miss)
143 silly packumentCache full:https://registry.npmjs.org/trough set size:undefined disposed:false
144 http fetch GET 200 https://registry.npmjs.org/vfile 191ms (cache miss)
145 silly packumentCache full:https://registry.npmjs.org/vfile set size:undefined disposed:false
146 silly placeDep ROOT @types/unist@3.0.3 OK for: @types/mdast@4.0.4 want: *
147 silly placeDep ROOT hast-util-sanitize@5.0.2 OK for: remark-html@16.0.1 want: ^5.0.0
148 silly placeDep ROOT hast-util-to-html@9.0.5 OK for: remark-html@16.0.1 want: ^9.0.0
149 silly placeDep ROOT mdast-util-to-hast@13.2.1 OK for: remark-html@16.0.1 want: ^13.0.0
150 silly fetch manifest @types/hast@^3.0.0
151 silly packumentCache full:https://registry.npmjs.org/@types%2fhast cache-miss
152 silly fetch manifest @ungap/structured-clone@^1.0.0
153 silly packumentCache full:https://registry.npmjs.org/@ungap%2fstructured-clone cache-miss
154 silly fetch manifest unist-util-position@^5.0.0
155 silly packumentCache full:https://registry.npmjs.org/unist-util-position cache-miss
156 silly fetch manifest @types/hast@^3.0.0
157 silly packumentCache full:https://registry.npmjs.org/@types%2fhast cache-miss
158 silly fetch manifest ccount@^2.0.0
159 silly packumentCache full:https://registry.npmjs.org/ccount cache-miss
160 silly fetch manifest comma-separated-tokens@^2.0.0
161 silly packumentCache full:https://registry.npmjs.org/comma-separated-tokens cache-miss
162 silly fetch manifest hast-util-whitespace@^3.0.0
163 silly packumentCache full:https://registry.npmjs.org/hast-util-whitespace cache-miss
164 http fetch GET 200 https://registry.npmjs.org/hast-util-whitespace 117ms (cache miss)
165 silly packumentCache full:https://registry.npmjs.org/hast-util-whitespace set size:undefined disposed:false
166 silly fetch manifest html-void-elements@^3.0.0
167 silly packumentCache full:https://registry.npmjs.org/html-void-elements cache-miss
168 http fetch GET 200 https://registry.npmjs.org/comma-separated-tokens 121ms (cache miss)
169 silly packumentCache full:https://registry.npmjs.org/comma-separated-tokens set size:undefined disposed:false
170 silly fetch manifest property-information@^7.0.0
171 silly packumentCache full:https://registry.npmjs.org/property-information cache-miss
172 http fetch GET 200 https://registry.npmjs.org/unist-util-position 125ms (cache miss)
173 silly packumentCache full:https://registry.npmjs.org/unist-util-position set size:undefined disposed:false
174 silly fetch manifest space-separated-tokens@^2.0.0
175 silly packumentCache full:https://registry.npmjs.org/space-separated-tokens cache-miss
176 http fetch GET 200 https://registry.npmjs.org/@types%2fhast 126ms (cache miss)
177 silly packumentCache full:https://registry.npmjs.org/@types%2fhast set size:undefined disposed:false
178 silly fetch manifest stringify-entities@^4.0.0
179 silly packumentCache full:https://registry.npmjs.org/stringify-entities cache-miss
180 http fetch GET 200 https://registry.npmjs.org/@types%2fhast 128ms (cache miss)
181 silly packumentCache full:https://registry.npmjs.org/@types%2fhast set size:undefined disposed:false
182 silly fetch manifest zwitch@^2.0.4
183 silly packumentCache full:https://registry.npmjs.org/zwitch cache-miss
184 http fetch GET 200 https://registry.npmjs.org/ccount 128ms (cache miss)
185 silly packumentCache full:https://registry.npmjs.org/ccount set size:undefined disposed:false
186 silly fetch manifest @ungap/structured-clone@^1.0.0
187 silly packumentCache full:https://registry.npmjs.org/@ungap%2fstructured-clone cache-miss
188 http fetch GET 200 https://registry.npmjs.org/@ungap%2fstructured-clone 139ms (cache miss)
189 silly packumentCache full:https://registry.npmjs.org/@ungap%2fstructured-clone set size:undefined disposed:false
190 silly fetch manifest micromark-util-sanitize-uri@^2.0.0
191 silly packumentCache full:https://registry.npmjs.org/micromark-util-sanitize-uri cache-miss
192 http fetch GET 200 https://registry.npmjs.org/@ungap%2fstructured-clone 207ms (cache miss)
193 silly packumentCache full:https://registry.npmjs.org/@ungap%2fstructured-clone set size:undefined disposed:false
194 silly fetch manifest trim-lines@^3.0.0
195 silly packumentCache full:https://registry.npmjs.org/trim-lines cache-miss
196 http fetch GET 200 https://registry.npmjs.org/zwitch 209ms (cache miss)
197 silly packumentCache full:https://registry.npmjs.org/zwitch set size:undefined disposed:false
198 silly fetch manifest unist-util-visit@^5.0.0
199 silly packumentCache full:https://registry.npmjs.org/unist-util-visit cache-miss
200 http fetch GET 200 https://registry.npmjs.org/space-separated-tokens 217ms (cache miss)
201 silly packumentCache full:https://registry.npmjs.org/space-separated-tokens set size:undefined disposed:false
202 http fetch GET 200 https://registry.npmjs.org/micromark-util-sanitize-uri 203ms (cache miss)
203 silly packumentCache full:https://registry.npmjs.org/micromark-util-sanitize-uri set size:undefined disposed:false
204 http fetch GET 200 https://registry.npmjs.org/stringify-entities 217ms (cache miss)
205 silly packumentCache full:https://registry.npmjs.org/stringify-entities set size:undefined disposed:false
206 http fetch GET 200 https://registry.npmjs.org/html-void-elements 227ms (cache miss)
207 silly packumentCache full:https://registry.npmjs.org/html-void-elements set size:undefined disposed:false
208 http fetch GET 200 https://registry.npmjs.org/property-information 224ms (cache miss)
209 silly packumentCache full:https://registry.npmjs.org/property-information set size:undefined disposed:false
210 http fetch GET 200 https://registry.npmjs.org/trim-lines 172ms (cache miss)
211 silly packumentCache full:https://registry.npmjs.org/trim-lines set size:undefined disposed:false
212 http fetch GET 200 https://registry.npmjs.org/unist-util-visit 174ms (cache miss)
213 silly packumentCache full:https://registry.npmjs.org/unist-util-visit set size:undefined disposed:false
214 silly placeDep ROOT @types/hast@3.0.4 OK for: hast-util-sanitize@5.0.2 want: ^3.0.0
215 silly placeDep ROOT @ungap/structured-clone@1.3.1 OK for: hast-util-sanitize@5.0.2 want: ^1.0.0
216 silly placeDep ROOT unist-util-position@5.0.0 OK for: hast-util-sanitize@5.0.2 want: ^5.0.0
217 silly placeDep ROOT ccount@2.0.1 OK for: hast-util-to-html@9.0.5 want: ^2.0.0
218 silly placeDep ROOT comma-separated-tokens@2.0.3 OK for: hast-util-to-html@9.0.5 want: ^2.0.0
219 silly placeDep ROOT hast-util-whitespace@3.0.0 OK for: hast-util-to-html@9.0.5 want: ^3.0.0
220 silly placeDep ROOT html-void-elements@3.0.0 OK for: hast-util-to-html@9.0.5 want: ^3.0.0
221 silly placeDep ROOT property-information@7.1.0 OK for: hast-util-to-html@9.0.5 want: ^7.0.0
222 silly placeDep ROOT space-separated-tokens@2.0.2 OK for: hast-util-to-html@9.0.5 want: ^2.0.0
223 silly placeDep ROOT stringify-entities@4.0.4 OK for: hast-util-to-html@9.0.5 want: ^4.0.0
224 silly placeDep ROOT zwitch@2.0.4 OK for: hast-util-to-html@9.0.5 want: ^2.0.4
225 silly fetch manifest character-entities-html4@^2.0.0
226 silly packumentCache full:https://registry.npmjs.org/character-entities-html4 cache-miss
227 silly fetch manifest character-entities-legacy@^3.0.0
228 silly packumentCache full:https://registry.npmjs.org/character-entities-legacy cache-miss
229 http fetch GET 200 https://registry.npmjs.org/character-entities-html4 195ms (cache miss)
230 silly packumentCache full:https://registry.npmjs.org/character-entities-html4 set size:undefined disposed:false
231 http fetch GET 200 https://registry.npmjs.org/character-entities-legacy 196ms (cache miss)
232 silly packumentCache full:https://registry.npmjs.org/character-entities-legacy set size:undefined disposed:false
233 silly placeDep ROOT devlop@1.1.0 OK for: mdast-util-to-hast@13.2.1 want: ^1.0.0
234 silly placeDep ROOT micromark-util-sanitize-uri@2.0.1 OK for: mdast-util-to-hast@13.2.1 want: ^2.0.0
235 silly placeDep ROOT trim-lines@3.0.1 OK for: mdast-util-to-hast@13.2.1 want: ^3.0.0
236 silly placeDep ROOT unist-util-visit@5.1.0 OK for: mdast-util-to-hast@13.2.1 want: ^5.0.0
237 silly placeDep ROOT vfile@6.0.3 OK for: mdast-util-to-hast@13.2.1 want: ^6.0.0
238 silly fetch manifest dequal@^2.0.0
239 silly packumentCache full:https://registry.npmjs.org/dequal cache-miss
240 silly fetch manifest micromark-util-character@^2.0.0
241 silly packumentCache full:https://registry.npmjs.org/micromark-util-character cache-miss
242 silly fetch manifest micromark-util-encode@^2.0.0
243 silly packumentCache full:https://registry.npmjs.org/micromark-util-encode cache-miss
244 silly fetch manifest micromark-util-symbol@^2.0.0
245 silly packumentCache full:https://registry.npmjs.org/micromark-util-symbol cache-miss
246 silly fetch manifest unist-util-is@^6.0.0
247 silly packumentCache full:https://registry.npmjs.org/unist-util-is cache-miss
248 silly fetch manifest unist-util-visit-parents@^6.0.0
249 silly packumentCache full:https://registry.npmjs.org/unist-util-visit-parents cache-miss
250 silly fetch manifest vfile-message@^4.0.0
251 silly packumentCache full:https://registry.npmjs.org/vfile-message cache-miss
252 http fetch GET 200 https://registry.npmjs.org/dequal 204ms (cache miss)
253 silly packumentCache full:https://registry.npmjs.org/dequal set size:undefined disposed:false
254 http fetch GET 200 https://registry.npmjs.org/micromark-util-encode 209ms (cache miss)
255 silly packumentCache full:https://registry.npmjs.org/micromark-util-encode set size:undefined disposed:false
256 http fetch GET 200 https://registry.npmjs.org/micromark-util-character 210ms (cache miss)
257 silly packumentCache full:https://registry.npmjs.org/micromark-util-character set size:undefined disposed:false
258 http fetch GET 200 https://registry.npmjs.org/micromark-util-symbol 211ms (cache miss)
259 silly packumentCache full:https://registry.npmjs.org/micromark-util-symbol set size:undefined disposed:false
260 http fetch GET 200 https://registry.npmjs.org/vfile-message 213ms (cache miss)
261 silly packumentCache full:https://registry.npmjs.org/vfile-message set size:undefined disposed:false
262 http fetch GET 200 https://registry.npmjs.org/unist-util-is 214ms (cache miss)
263 silly packumentCache full:https://registry.npmjs.org/unist-util-is set size:undefined disposed:false
264 http fetch GET 200 https://registry.npmjs.org/unist-util-visit-parents 214ms (cache miss)
265 silly packumentCache full:https://registry.npmjs.org/unist-util-visit-parents set size:undefined disposed:false
266 silly placeDep ROOT dequal@2.0.3 OK for: devlop@1.1.0 want: ^2.0.0
267 silly placeDep ROOT micromark-util-character@2.1.1 OK for: micromark-util-sanitize-uri@2.0.1 want: ^2.0.0
268 silly placeDep ROOT micromark-util-encode@2.0.1 OK for: micromark-util-sanitize-uri@2.0.1 want: ^2.0.0
269 silly placeDep ROOT micromark-util-symbol@2.0.1 OK for: micromark-util-sanitize-uri@2.0.1 want: ^2.0.0
270 silly placeDep ROOT micromark-util-types@2.0.2 OK for: micromark-util-character@2.1.1 want: ^2.0.0
271 silly placeDep ROOT mdast-util-from-markdown@2.0.3 OK for: remark-parse@11.0.0 want: ^2.0.0
272 silly fetch manifest decode-named-character-reference@^1.0.0
273 silly packumentCache full:https://registry.npmjs.org/decode-named-character-reference cache-miss
274 silly fetch manifest mdast-util-to-string@^4.0.0
275 silly packumentCache full:https://registry.npmjs.org/mdast-util-to-string cache-miss
276 silly fetch manifest micromark@^4.0.0
277 silly packumentCache full:https://registry.npmjs.org/micromark cache-miss
278 silly fetch manifest micromark-util-decode-numeric-character-reference@^2.0.0
279 silly packumentCache full:https://registry.npmjs.org/micromark-util-decode-numeric-character-reference cache-miss
280 silly fetch manifest micromark-util-decode-string@^2.0.0
281 silly packumentCache full:https://registry.npmjs.org/micromark-util-decode-string cache-miss
282 silly fetch manifest micromark-util-normalize-identifier@^2.0.0
283 silly packumentCache full:https://registry.npmjs.org/micromark-util-normalize-identifier cache-miss
284 silly fetch manifest unist-util-stringify-position@^4.0.0
285 silly packumentCache full:https://registry.npmjs.org/unist-util-stringify-position cache-miss
286 http fetch GET 200 https://registry.npmjs.org/micromark-util-normalize-identifier 124ms (cache miss)
287 silly packumentCache full:https://registry.npmjs.org/micromark-util-normalize-identifier set size:undefined disposed:false
288 http fetch GET 200 https://registry.npmjs.org/decode-named-character-reference 125ms (cache miss)
289 silly packumentCache full:https://registry.npmjs.org/decode-named-character-reference set size:undefined disposed:false
290 http fetch GET 200 https://registry.npmjs.org/micromark-util-decode-string 126ms (cache miss)
291 silly packumentCache full:https://registry.npmjs.org/micromark-util-decode-string set size:undefined disposed:false
292 http fetch GET 200 https://registry.npmjs.org/micromark-util-decode-numeric-character-reference 127ms (cache miss)
293 silly packumentCache full:https://registry.npmjs.org/micromark-util-decode-numeric-character-reference set size:undefined disposed:false
294 http fetch GET 200 https://registry.npmjs.org/unist-util-stringify-position 127ms (cache miss)
295 silly packumentCache full:https://registry.npmjs.org/unist-util-stringify-position set size:undefined disposed:false
296 http fetch GET 200 https://registry.npmjs.org/mdast-util-to-string 128ms (cache miss)
297 silly packumentCache full:https://registry.npmjs.org/mdast-util-to-string set size:undefined disposed:false
298 http fetch GET 200 https://registry.npmjs.org/micromark 155ms (cache miss)
299 silly packumentCache full:https://registry.npmjs.org/micromark set size:undefined disposed:false
300 silly placeDep ROOT decode-named-character-reference@1.3.0 OK for: mdast-util-from-markdown@2.0.3 want: ^1.0.0
301 silly placeDep ROOT mdast-util-to-string@4.0.0 OK for: mdast-util-from-markdown@2.0.3 want: ^4.0.0
302 silly placeDep ROOT micromark@4.0.2 OK for: mdast-util-from-markdown@2.0.3 want: ^4.0.0
303 silly placeDep ROOT micromark-util-decode-numeric-character-reference@2.0.2 OK for: mdast-util-from-markdown@2.0.3 want: ^2.0.0
304 silly placeDep ROOT micromark-util-decode-string@2.0.1 OK for: mdast-util-from-markdown@2.0.3 want: ^2.0.0
305 silly placeDep ROOT micromark-util-normalize-identifier@2.0.1 OK for: mdast-util-from-markdown@2.0.3 want: ^2.0.0
306 silly placeDep ROOT unist-util-stringify-position@4.0.0 OK for: mdast-util-from-markdown@2.0.3 want: ^4.0.0
307 silly fetch manifest character-entities@^2.0.0
308 silly packumentCache full:https://registry.npmjs.org/character-entities cache-miss
309 silly fetch manifest @types/debug@^4.0.0
310 silly packumentCache full:https://registry.npmjs.org/@types%2fdebug cache-miss
311 silly fetch manifest micromark-core-commonmark@^2.0.0
312 silly packumentCache full:https://registry.npmjs.org/micromark-core-commonmark cache-miss
313 silly fetch manifest micromark-factory-space@^2.0.0
314 silly packumentCache full:https://registry.npmjs.org/micromark-factory-space cache-miss
315 silly fetch manifest micromark-util-chunked@^2.0.0
316 silly packumentCache full:https://registry.npmjs.org/micromark-util-chunked cache-miss
317 silly fetch manifest micromark-util-combine-extensions@^2.0.0
318 silly packumentCache full:https://registry.npmjs.org/micromark-util-combine-extensions cache-miss
319 silly fetch manifest micromark-util-resolve-all@^2.0.0
320 silly packumentCache full:https://registry.npmjs.org/micromark-util-resolve-all cache-miss
321 http fetch GET 200 https://registry.npmjs.org/micromark-util-combine-extensions 135ms (cache miss)
322 silly packumentCache full:https://registry.npmjs.org/micromark-util-combine-extensions set size:undefined disposed:false
323 silly fetch manifest micromark-util-subtokenize@^2.0.0
324 silly packumentCache full:https://registry.npmjs.org/micromark-util-subtokenize cache-miss
325 http fetch GET 200 https://registry.npmjs.org/micromark-util-chunked 136ms (cache miss)
326 silly packumentCache full:https://registry.npmjs.org/micromark-util-chunked set size:undefined disposed:false
327 http fetch GET 200 https://registry.npmjs.org/micromark-util-resolve-all 137ms (cache miss)
328 silly packumentCache full:https://registry.npmjs.org/micromark-util-resolve-all set size:undefined disposed:false
329 http fetch GET 200 https://registry.npmjs.org/micromark-factory-space 137ms (cache miss)
330 silly packumentCache full:https://registry.npmjs.org/micromark-factory-space set size:undefined disposed:false
331 http fetch GET 200 https://registry.npmjs.org/character-entities 138ms (cache miss)
332 silly packumentCache full:https://registry.npmjs.org/character-entities set size:undefined disposed:false
333 http fetch GET 200 https://registry.npmjs.org/micromark-core-commonmark 138ms (cache miss)
334 silly packumentCache full:https://registry.npmjs.org/micromark-core-commonmark set size:undefined disposed:false
335 http fetch GET 200 https://registry.npmjs.org/@types%2fdebug 141ms (cache miss)
336 silly packumentCache full:https://registry.npmjs.org/@types%2fdebug set size:undefined disposed:false
337 http fetch GET 200 https://registry.npmjs.org/micromark-util-subtokenize 198ms (cache miss)
338 silly packumentCache full:https://registry.npmjs.org/micromark-util-subtokenize set size:undefined disposed:false
339 silly placeDep ROOT character-entities@2.0.2 OK for: decode-named-character-reference@1.3.0 want: ^2.0.0
340 silly placeDep ROOT @types/debug@4.1.13 OK for: micromark@4.0.2 want: ^4.0.0
341 silly placeDep ROOT micromark-core-commonmark@2.0.3 OK for: micromark@4.0.2 want: ^2.0.0
342 silly placeDep ROOT micromark-factory-space@2.0.1 OK for: micromark@4.0.2 want: ^2.0.0
343 silly placeDep ROOT micromark-util-chunked@2.0.1 OK for: micromark@4.0.2 want: ^2.0.0
344 silly placeDep ROOT micromark-util-combine-extensions@2.0.1 OK for: micromark@4.0.2 want: ^2.0.0
345 silly placeDep ROOT micromark-util-resolve-all@2.0.1 OK for: micromark@4.0.2 want: ^2.0.0
346 silly placeDep ROOT micromark-util-subtokenize@2.1.0 OK for: micromark@4.0.2 want: ^2.0.0
347 silly fetch manifest @types/ms@*
348 silly packumentCache full:https://registry.npmjs.org/@types%2fms cache-miss
349 silly fetch manifest micromark-factory-destination@^2.0.0
350 silly packumentCache full:https://registry.npmjs.org/micromark-factory-destination cache-miss
351 silly fetch manifest micromark-factory-label@^2.0.0
352 silly packumentCache full:https://registry.npmjs.org/micromark-factory-label cache-miss
353 silly fetch manifest micromark-factory-title@^2.0.0
354 silly packumentCache full:https://registry.npmjs.org/micromark-factory-title cache-miss
355 silly fetch manifest micromark-factory-whitespace@^2.0.0
356 silly packumentCache full:https://registry.npmjs.org/micromark-factory-whitespace cache-miss
357 silly fetch manifest micromark-util-classify-character@^2.0.0
358 silly packumentCache full:https://registry.npmjs.org/micromark-util-classify-character cache-miss
359 silly fetch manifest micromark-util-html-tag-name@^2.0.0
360 silly packumentCache full:https://registry.npmjs.org/micromark-util-html-tag-name cache-miss
361 http fetch GET 200 https://registry.npmjs.org/micromark-factory-destination 205ms (cache miss)
362 silly packumentCache full:https://registry.npmjs.org/micromark-factory-destination set size:undefined disposed:false
363 http fetch GET 200 https://registry.npmjs.org/micromark-util-classify-character 205ms (cache miss)
364 silly packumentCache full:https://registry.npmjs.org/micromark-util-classify-character set size:undefined disposed:false
365 http fetch GET 200 https://registry.npmjs.org/micromark-util-html-tag-name 206ms (cache miss)
366 silly packumentCache full:https://registry.npmjs.org/micromark-util-html-tag-name set size:undefined disposed:false
367 http fetch GET 200 https://registry.npmjs.org/micromark-factory-title 208ms (cache miss)
368 silly packumentCache full:https://registry.npmjs.org/micromark-factory-title set size:undefined disposed:false
369 http fetch GET 200 https://registry.npmjs.org/micromark-factory-whitespace 208ms (cache miss)
370 silly packumentCache full:https://registry.npmjs.org/micromark-factory-whitespace set size:undefined disposed:false
371 http fetch GET 200 https://registry.npmjs.org/@types%2fms 208ms (cache miss)
372 silly packumentCache full:https://registry.npmjs.org/@types%2fms set size:undefined disposed:false
373 http fetch GET 200 https://registry.npmjs.org/micromark-factory-label 209ms (cache miss)
374 silly packumentCache full:https://registry.npmjs.org/micromark-factory-label set size:undefined disposed:false
375 silly placeDep ROOT @types/ms@2.1.0 OK for: @types/debug@4.1.13 want: *
376 silly placeDep ROOT micromark-factory-destination@2.0.1 OK for: micromark-core-commonmark@2.0.3 want: ^2.0.0
377 silly placeDep ROOT micromark-factory-label@2.0.1 OK for: micromark-core-commonmark@2.0.3 want: ^2.0.0
378 silly placeDep ROOT micromark-factory-title@2.0.1 OK for: micromark-core-commonmark@2.0.3 want: ^2.0.0
379 silly placeDep ROOT micromark-factory-whitespace@2.0.1 OK for: micromark-core-commonmark@2.0.3 want: ^2.0.0
380 silly placeDep ROOT micromark-util-classify-character@2.0.1 OK for: micromark-core-commonmark@2.0.3 want: ^2.0.0
381 silly placeDep ROOT micromark-util-html-tag-name@2.0.1 OK for: micromark-core-commonmark@2.0.3 want: ^2.0.0
382 silly placeDep ROOT mdast-util-to-markdown@2.1.2 OK for: remark-stringify@11.0.0 want: ^2.0.0
383 silly fetch manifest longest-streak@^3.0.0
384 silly packumentCache full:https://registry.npmjs.org/longest-streak cache-miss
385 silly fetch manifest mdast-util-phrasing@^4.0.0
386 silly packumentCache full:https://registry.npmjs.org/mdast-util-phrasing cache-miss
387 http fetch GET 200 https://registry.npmjs.org/longest-streak 120ms (cache miss)
388 silly packumentCache full:https://registry.npmjs.org/longest-streak set size:undefined disposed:false
389 http fetch GET 200 https://registry.npmjs.org/mdast-util-phrasing 123ms (cache miss)
390 silly packumentCache full:https://registry.npmjs.org/mdast-util-phrasing set size:undefined disposed:false
391 silly placeDep ROOT longest-streak@3.1.0 OK for: mdast-util-to-markdown@2.1.2 want: ^3.0.0
392 silly placeDep ROOT mdast-util-phrasing@4.1.0 OK for: mdast-util-to-markdown@2.1.2 want: ^4.0.0
393 silly placeDep ROOT unist-util-is@6.0.1 OK for: mdast-util-phrasing@4.1.0 want: ^6.0.0
394 silly placeDep ROOT extend-shallow@2.0.1 OK for: section-matter@1.0.0 want: ^2.0.1
395 silly fetch manifest is-extendable@^0.1.0
396 silly packumentCache full:https://registry.npmjs.org/is-extendable cache-miss
397 http fetch GET 200 https://registry.npmjs.org/is-extendable 117ms (cache miss)
398 silly packumentCache full:https://registry.npmjs.org/is-extendable set size:undefined disposed:false
399 silly placeDep ROOT is-extendable@0.1.1 OK for: extend-shallow@2.0.1 want: ^0.1.0
400 silly placeDep ROOT character-entities-html4@2.1.0 OK for: stringify-entities@4.0.4 want: ^2.0.0
401 silly placeDep ROOT character-entities-legacy@3.0.0 OK for: stringify-entities@4.0.4 want: ^3.0.0
402 silly placeDep ROOT bail@2.0.2 OK for: unified@11.0.5 want: ^2.0.0
403 silly placeDep ROOT extend@3.0.2 OK for: unified@11.0.5 want: ^3.0.0
404 silly placeDep ROOT is-plain-obj@4.1.0 OK for: unified@11.0.5 want: ^4.0.0
405 silly placeDep ROOT trough@2.2.0 OK for: unified@11.0.5 want: ^2.0.0
406 silly placeDep ROOT unist-util-visit-parents@6.0.2 OK for: unist-util-visit@5.1.0 want: ^6.0.0
407 silly placeDep ROOT vfile-message@4.0.3 OK for: vfile@6.0.3 want: ^4.0.0
408 silly placeDep node_modules/gray-matter argparse@1.0.10 OK for: js-yaml@3.14.2 want: ^1.0.7
409 silly placeDep ROOT esprima@4.0.1 OK for: js-yaml@3.14.2 want: ^4.0.0
410 silly fetch manifest sprintf-js@~1.0.2
411 silly packumentCache full:https://registry.npmjs.org/sprintf-js cache-miss
412 http fetch GET 200 https://registry.npmjs.org/sprintf-js 112ms (cache miss)
413 silly packumentCache full:https://registry.npmjs.org/sprintf-js set size:undefined disposed:false
414 silly placeDep ROOT sprintf-js@1.0.3 OK for: argparse@1.0.10 want: ~1.0.2
415 silly reify mark retired [ '/Users/yusufbek/Documents/neurulab/node_modules/@emnapi/core' ]
416 silly reify mark retired [ '/Users/yusufbek/Documents/neurulab/node_modules/@emnapi/runtime' ]
417 silly reify mark retired [
417 silly reify   '/Users/yusufbek/Documents/neurulab/node_modules/@emnapi/wasi-threads'
417 silly reify ]
418 silly reify mark retired [
418 silly reify   '/Users/yusufbek/Documents/neurulab/node_modules/@napi-rs/wasm-runtime'
418 silly reify ]
419 silly reify mark retired [ '/Users/yusufbek/Documents/neurulab/node_modules/@tybys/wasm-util' ]
420 silly reify moves {
420 silly reify   '/Users/yusufbek/Documents/neurulab/node_modules/@emnapi/core': '/Users/yusufbek/Documents/neurulab/node_modules/@emnapi/.core-Hl5swVNi',
420 silly reify   '/Users/yusufbek/Documents/neurulab/node_modules/@emnapi/runtime': '/Users/yusufbek/Documents/neurulab/node_modules/@emnapi/.runtime-u8E7uwYG',
420 silly reify   '/Users/yusufbek/Documents/neurulab/node_modules/@emnapi/wasi-threads': '/Users/yusufbek/Documents/neurulab/node_modules/@emnapi/.wasi-threads-xEjzizKy',
420 silly reify   '/Users/yusufbek/Documents/neurulab/node_modules/@napi-rs/wasm-runtime': '/Users/yusufbek/Documents/neurulab/node_modules/@napi-rs/.wasm-runtime-VVwQ2KkF',
420 silly reify   '/Users/yusufbek/Documents/neurulab/node_modules/@tybys/wasm-util': '/Users/yusufbek/Documents/neurulab/node_modules/@tybys/.wasm-util-COpXszD3'
420 silly reify }
421 silly audit bulk request {
421 silly audit   '@alloc/quick-lru': [ '5.2.0' ],
421 silly audit   '@babel/code-frame': [ '7.29.0' ],
421 silly audit   '@babel/compat-data': [ '7.29.3' ],
421 silly audit   '@babel/core': [ '7.29.0' ],
421 silly audit   '@babel/generator': [ '7.29.1' ],
421 silly audit   '@babel/helper-compilation-targets': [ '7.28.6' ],
421 silly audit   '@babel/helper-globals': [ '7.28.0' ],
421 silly audit   '@babel/helper-module-imports': [ '7.28.6' ],
421 silly audit   '@babel/helper-module-transforms': [ '7.28.6' ],
421 silly audit   '@babel/helper-string-parser': [ '7.27.1' ],
421 silly audit   '@babel/helper-validator-identifier': [ '7.28.5' ],
421 silly audit   '@babel/helper-validator-option': [ '7.27.1' ],
421 silly audit   '@babel/helpers': [ '7.29.2' ],
421 silly audit   '@babel/parser': [ '7.29.3' ],
421 silly audit   '@babel/template': [ '7.28.6' ],
421 silly audit   '@babel/traverse': [ '7.29.0' ],
421 silly audit   '@babel/types': [ '7.29.0' ],
421 silly audit   '@emnapi/core': [ '1.10.0' ],
421 silly audit   '@emnapi/runtime': [ '1.10.0' ],
421 silly audit   '@emnapi/wasi-threads': [ '1.2.1' ],
421 silly audit   '@eslint-community/eslint-utils': [ '4.9.1' ],
421 silly audit   'eslint-visitor-keys': [ '3.4.3', '5.0.1', '4.2.1' ],
421 silly audit   '@eslint-community/regexpp': [ '4.12.2' ],
421 silly audit   '@eslint/config-array': [ '0.21.2' ],
421 silly audit   '@eslint/config-helpers': [ '0.4.2' ],
421 silly audit   '@eslint/core': [ '0.17.0' ],
421 silly audit   '@eslint/eslintrc': [ '3.3.5' ],
421 silly audit   '@eslint/js': [ '9.39.4' ],
421 silly audit   '@eslint/object-schema': [ '2.1.7' ],
421 silly audit   '@eslint/plugin-kit': [ '0.4.1' ],
421 silly audit   '@hookform/resolvers': [ '5.2.2' ],
421 silly audit   '@humanfs/core': [ '0.19.2' ],
421 silly audit   '@humanfs/node': [ '0.16.8' ],
421 silly audit   '@humanfs/types': [ '0.15.0' ],
421 silly audit   '@humanwhocodes/module-importer': [ '1.0.1' ],
421 silly audit   '@humanwhocodes/retry': [ '0.4.3' ],
421 silly audit   '@img/colour': [ '1.1.0' ],
421 silly audit   '@img/sharp-darwin-arm64': [ '0.34.5' ],
421 silly audit   '@img/sharp-darwin-x64': [ '0.34.5' ],
421 silly audit   '@img/sharp-libvips-darwin-arm64': [ '1.2.4' ],
421 silly audit   '@img/sharp-libvips-darwin-x64': [ '1.2.4' ],
421 silly audit   '@img/sharp-libvips-linux-arm': [ '1.2.4' ],
421 silly audit   '@img/sharp-libvips-linux-arm64': [ '1.2.4' ],
421 silly audit   '@img/sharp-libvips-linux-ppc64': [ '1.2.4' ],
421 silly audit   '@img/sharp-libvips-linux-riscv64': [ '1.2.4' ],
421 silly audit   '@img/sharp-libvips-linux-s390x': [ '1.2.4' ],
421 silly audit   '@img/sharp-libvips-linux-x64': [ '1.2.4' ],
421 silly audit   '@img/sharp-libvips-linuxmusl-arm64': [ '1.2.4' ],
421 silly audit   '@img/sharp-libvips-linuxmusl-x64': [ '1.2.4' ],
421 silly audit   '@img/sharp-linux-arm': [ '0.34.5' ],
421 silly audit   '@img/sharp-linux-arm64': [ '0.34.5' ],
421 silly audit   '@img/sharp-linux-ppc64': [ '0.34.5' ],
421 silly audit   '@img/sharp-linux-riscv64': [ '0.34.5' ],
421 silly audit   '@img/sharp-linux-s390x': [ '0.34.5' ],
421 silly audit   '@img/sharp-linux-x64': [ '0.34.5' ],
421 silly audit   '@img/sharp-linuxmusl-arm64': [ '0.34.5' ],
421 silly audit   '@img/sharp-linuxmusl-x64': [ '0.34.5' ],
421 silly audit   '@img/sharp-wasm32': [ '0.34.5' ],
421 silly audit   '@img/sharp-win32-arm64': [ '0.34.5' ],
421 silly audit   '@img/sharp-win32-ia32': [ '0.34.5' ],
421 silly audit   '@img/sharp-win32-x64': [ '0.34.5' ],
421 silly audit   '@jridgewell/gen-mapping': [ '0.3.13' ],
421 silly audit   '@jridgewell/remapping': [ '2.3.5' ],
421 silly audit   '@jridgewell/resolve-uri': [ '3.1.2' ],
421 silly audit   '@jridgewell/sourcemap-codec': [ '1.5.5' ],
421 silly audit   '@jridgewell/trace-mapping': [ '0.3.31' ],
421 silly audit   '@napi-rs/wasm-runtime': [ '0.2.12' ],
421 silly audit   '@next/env': [ '16.2.5' ],
421 silly audit   '@next/eslint-plugin-next': [ '16.2.5' ],
421 silly audit   '@next/swc-darwin-arm64': [ '16.2.5' ],
421 silly audit   '@next/swc-darwin-x64': [ '16.2.5' ],
421 silly audit   '@next/swc-linux-arm64-gnu': [ '16.2.5' ],
421 silly audit   '@next/swc-linux-arm64-musl': [ '16.2.5' ],
421 silly audit   '@next/swc-linux-x64-gnu': [ '16.2.5' ],
421 silly audit   '@next/swc-linux-x64-musl': [ '16.2.5' ],
421 silly audit   '@next/swc-win32-arm64-msvc': [ '16.2.5' ],
421 silly audit   '@next/swc-win32-x64-msvc': [ '16.2.5' ],
421 silly audit   '@nodelib/fs.scandir': [ '2.1.5' ],
421 silly audit   '@nodelib/fs.stat': [ '2.0.5' ],
421 silly audit   '@nodelib/fs.walk': [ '1.2.8' ],
421 silly audit   '@nolyfill/is-core-module': [ '1.0.39' ],
421 silly audit   '@rtsao/scc': [ '1.1.0' ],
421 silly audit   '@standard-schema/utils': [ '0.3.0' ],
421 silly audit   '@supabase/auth-js': [ '2.105.3' ],
421 silly audit   '@supabase/functions-js': [ '2.105.3' ],
421 silly audit   '@supabase/phoenix': [ '0.4.1' ],
421 silly audit   '@supabase/postgrest-js': [ '2.105.3' ],
421 silly audit   '@supabase/realtime-js': [ '2.105.3' ],
421 silly audit   '@supabase/storage-js': [ '2.105.3' ],
421 silly audit   '@supabase/supabase-js': [ '2.105.3' ],
421 silly audit   '@swc/helpers': [ '0.5.15' ],
421 silly audit   '@tailwindcss/node': [ '4.2.4' ],
421 silly audit   '@tailwindcss/oxide': [ '4.2.4' ],
421 silly audit   '@tailwindcss/oxide-android-arm64': [ '4.2.4' ],
421 silly audit   '@tailwindcss/oxide-darwin-arm64': [ '4.2.4' ],
421 silly audit   '@tailwindcss/oxide-darwin-x64': [ '4.2.4' ],
421 silly audit   '@tailwindcss/oxide-freebsd-x64': [ '4.2.4' ],
421 silly audit   '@tailwindcss/oxide-linux-arm-gnueabihf': [ '4.2.4' ],
421 silly audit   '@tailwindcss/oxide-linux-arm64-gnu': [ '4.2.4' ],
421 silly audit   '@tailwindcss/oxide-linux-arm64-musl': [ '4.2.4' ],
421 silly audit   '@tailwindcss/oxide-linux-x64-gnu': [ '4.2.4' ],
421 silly audit   '@tailwindcss/oxide-linux-x64-musl': [ '4.2.4' ],
421 silly audit   '@tailwindcss/oxide-wasm32-wasi': [ '4.2.4' ],
421 silly audit   '@tailwindcss/oxide-win32-arm64-msvc': [ '4.2.4' ],
421 silly audit   '@tailwindcss/oxide-win32-x64-msvc': [ '4.2.4' ],
421 silly audit   '@tailwindcss/postcss': [ '4.2.4' ],
421 silly audit   '@tybys/wasm-util': [ '0.10.2' ],
421 silly audit   '@types/estree': [ '1.0.9' ],
421 silly audit   '@types/json-schema': [ '7.0.15' ],
421 silly audit   '@types/json5': [ '0.0.29' ],
421 silly audit   '@types/node': [ '20.19.39' ],
421 silly audit   '@types/react': [ '19.2.14' ],
421 silly audit   '@types/react-dom': [ '19.2.3' ],
421 silly audit   '@types/ws': [ '8.18.1' ],
421 silly audit   '@typescript-eslint/eslint-plugin': [ '8.59.2' ],
421 silly audit   ignore: [ '7.0.5', '5.3.2' ],
421 silly audit   '@typescript-eslint/parser': [ '8.59.2' ],
421 silly audit   '@typescript-eslint/project-service': [ '8.59.2' ],
421 silly audit   '@typescript-eslint/scope-manager': [ '8.59.2' ],
421 silly audit   '@typescript-eslint/tsconfig-utils': [ '8.59.2' ],
421 silly audit   '@typescript-eslint/type-utils': [ '8.59.2' ],
421 silly audit   '@typescript-eslint/types': [ '8.59.2' ],
421 silly audit   '@typescript-eslint/typescript-estree': [ '8.59.2' ],
421 silly audit   'balanced-match': [ '4.0.4', '1.0.2' ],
421 silly audit   'brace-expansion': [ '5.0.5', '1.1.14' ],
421 silly audit   minimatch: [ '10.2.5', '3.1.5' ],
421 silly audit   semver: [ '7.7.4', '6.3.1' ],
421 silly audit   '@typescript-eslint/utils': [ '8.59.2' ],
421 silly audit   '@typescript-eslint/visitor-keys': [ '8.59.2' ],
421 silly audit   '@unrs/resolver-binding-android-arm-eabi': [ '1.11.1' ],
421 silly audit   '@unrs/resolver-binding-android-arm64': [ '1.11.1' ],
421 silly audit   '@unrs/resolver-binding-darwin-arm64': [ '1.11.1' ],
421 silly audit   '@unrs/resolver-binding-darwin-x64': [ '1.11.1' ],
421 silly audit   '@unrs/resolver-binding-freebsd-x64': [ '1.11.1' ],
421 silly audit   '@unrs/resolver-binding-linux-arm-gnueabihf': [ '1.11.1' ],
421 silly audit   '@unrs/resolver-binding-linux-arm-musleabihf': [ '1.11.1' ],
421 silly audit   '@unrs/resolver-binding-linux-arm64-gnu': [ '1.11.1' ],
421 silly audit   '@unrs/resolver-binding-linux-arm64-musl': [ '1.11.1' ],
421 silly audit   '@unrs/resolver-binding-linux-ppc64-gnu': [ '1.11.1' ],
421 silly audit   '@unrs/resolver-binding-linux-riscv64-gnu': [ '1.11.1' ],
421 silly audit   '@unrs/resolver-binding-linux-riscv64-musl': [ '1.11.1' ],
421 silly audit   '@unrs/resolver-binding-linux-s390x-gnu': [ '1.11.1' ],
421 silly audit   '@unrs/resolver-binding-linux-x64-gnu': [ '1.11.1' ],
421 silly audit   '@unrs/resolver-binding-linux-x64-musl': [ '1.11.1' ],
421 silly audit   '@unrs/resolver-binding-wasm32-wasi': [ '1.11.1' ],
421 silly audit   '@unrs/resolver-binding-win32-arm64-msvc': [ '1.11.1' ],
421 silly audit   '@unrs/resolver-binding-win32-ia32-msvc': [ '1.11.1' ],
421 silly audit   '@unrs/resolver-binding-win32-x64-msvc': [ '1.11.1' ],
421 silly audit   acorn: [ '8.16.0' ],
421 silly audit   'acorn-jsx': [ '5.3.2' ],
421 silly audit   ajv: [ '6.15.0' ],
421 silly audit   'ansi-styles': [ '4.3.0' ],
421 silly audit   argparse: [ '2.0.1', '1.0.10' ],
421 silly audit   'aria-query': [ '5.3.2' ],
421 silly audit   'array-buffer-byte-length': [ '1.0.2' ],
421 silly audit   'array-includes': [ '3.1.9' ],
421 silly audit   'array.prototype.findlast': [ '1.2.5' ],
421 silly audit   'array.prototype.findlastindex': [ '1.2.6' ],
421 silly audit   'array.prototype.flat': [ '1.3.3' ],
421 silly audit   'array.prototype.flatmap': [ '1.3.3' ],
421 silly audit   'array.prototype.tosorted': [ '1.1.4' ],
421 silly audit   'arraybuffer.prototype.slice': [ '1.0.4' ],
421 silly audit   'ast-types-flow': [ '0.0.8' ],
421 silly audit   'async-function': [ '1.0.0' ],
421 silly audit   'available-typed-arrays': [ '1.0.7' ],
421 silly audit   'axe-core': [ '4.11.4' ],
421 silly audit   'axobject-query': [ '4.1.0' ],
421 silly audit   'baseline-browser-mapping': [ '2.10.27' ],
421 silly audit   braces: [ '3.0.3' ],
421 silly audit   browserslist: [ '4.28.2' ],
421 silly audit   'call-bind': [ '1.0.9' ],
421 silly audit   'call-bind-apply-helpers': [ '1.0.2' ],
421 silly audit   'call-bound': [ '1.0.4' ],
421 silly audit   callsites: [ '3.1.0' ],
421 silly audit   'caniuse-lite': [ '1.0.30001792' ],
421 silly audit   chalk: [ '4.1.2' ],
421 silly audit   'client-only': [ '0.0.1' ],
421 silly audit   'color-convert': [ '2.0.1' ],
421 silly audit   'color-name': [ '1.1.4' ],
421 silly audit   'concat-map': [ '0.0.1' ],
421 silly audit   'convert-source-map': [ '2.0.0' ],
421 silly audit   'cross-spawn': [ '7.0.6' ],
421 silly audit   csstype: [ '3.2.3' ],
421 silly audit   'damerau-levenshtein': [ '1.0.8' ],
421 silly audit   'data-view-buffer': [ '1.0.2' ],
421 silly audit   'data-view-byte-length': [ '1.0.2' ],
421 silly audit   'data-view-byte-offset': [ '1.0.1' ],
421 silly audit   debug: [ '4.4.3', '3.2.7' ],
421 silly audit   'deep-is': [ '0.1.4' ],
421 silly audit   'define-data-property': [ '1.1.4' ],
421 silly audit   'define-properties': [ '1.2.1' ],
421 silly audit   'detect-libc': [ '2.1.2' ],
421 silly audit   doctrine: [ '2.1.0' ],
421 silly audit   'dunder-proto': [ '1.0.1' ],
421 silly audit   'electron-to-chromium': [ '1.5.352' ],
421 silly audit   'emoji-regex': [ '9.2.2' ],
421 silly audit   'enhanced-resolve': [ '5.21.0' ],
421 silly audit   'es-abstract': [ '1.24.2' ],
421 silly audit   'es-define-property': [ '1.0.1' ],
421 silly audit   'es-errors': [ '1.3.0' ],
421 silly audit   'es-iterator-helpers': [ '1.3.2' ],
421 silly audit   'es-object-atoms': [ '1.1.1' ],
421 silly audit   'es-set-tostringtag': [ '2.1.0' ],
421 silly audit   'es-shim-unscopables': [ '1.1.0' ],
421 silly audit   'es-to-primitive': [ '1.3.0' ],
421 silly audit   escalade: [ '3.2.0' ],
421 silly audit   'escape-string-regexp': [ '4.0.0' ],
421 silly audit   eslint: [ '9.39.4' ],
421 silly audit   'eslint-config-next': [ '16.2.5' ],
421 silly audit   globals: [ '16.4.0', '14.0.0' ],
421 silly audit   'eslint-import-resolver-node': [ '0.3.10' ],
421 silly audit   'eslint-import-resolver-typescript': [ '3.10.1' ],
421 silly audit   'eslint-module-utils': [ '2.12.1' ],
421 silly audit   'eslint-plugin-import': [ '2.32.0' ],
421 silly audit   'eslint-plugin-jsx-a11y': [ '6.10.2' ],
421 silly audit   'eslint-plugin-react': [ '7.37.5' ],
421 silly audit   'eslint-plugin-react-hooks': [ '7.1.1' ],
421 silly audit   'eslint-scope': [ '8.4.0' ],
421 silly audit   espree: [ '10.4.0' ],
421 silly audit   esquery: [ '1.7.0' ],
421 silly audit   esrecurse: [ '4.3.0' ],
421 silly audit   estraverse: [ '5.3.0' ],
421 silly audit   esutils: [ '2.0.3' ],
421 silly audit   'fast-deep-equal': [ '3.1.3' ],
421 silly audit   'fast-glob': [ '3.3.1' ],
421 silly audit   'glob-parent': [ '5.1.2', '6.0.2' ],
421 silly audit   'fast-json-stable-stringify': [ '2.1.0' ],
421 silly audit   'fast-levenshtein': [ '2.0.6' ],
421 silly audit   fastq: [ '1.20.1' ],
421 silly audit   'file-entry-cache': [ '8.0.0' ],
421 silly audit   'fill-range': [ '7.1.1' ],
421 silly audit   'find-up': [ '5.0.0' ],
421 silly audit   'flat-cache': [ '4.0.1' ],
421 silly audit   flatted: [ '3.4.2' ],
421 silly audit   'for-each': [ '0.3.5' ],
421 silly audit   'framer-motion': [ '12.38.0' ],
421 silly audit   'function-bind': [ '1.1.2' ],
421 silly audit   'function.prototype.name': [ '1.1.8' ],
421 silly audit   'functions-have-names': [ '1.2.3' ],
421 silly audit   'generator-function': [ '2.0.1' ],
421 silly audit   gensync: [ '1.0.0-beta.2' ],
421 silly audit   'get-intrinsic': [ '1.3.0' ],
421 silly audit   'get-proto': [ '1.0.1' ],
421 silly audit   'get-symbol-description': [ '1.1.0' ],
421 silly audit   'get-tsconfig': [ '4.14.0' ],
421 silly audit   globalthis: [ '1.0.4' ],
421 silly audit   gopd: [ '1.2.0' ],
421 silly audit   'graceful-fs': [ '4.2.11' ],
421 silly audit   'has-bigints': [ '1.1.0' ],
421 silly audit   'has-flag': [ '4.0.0' ],
421 silly audit   'has-property-descriptors': [ '1.0.2' ],
421 silly audit   'has-proto': [ '1.2.0' ],
421 silly audit   'has-symbols': [ '1.1.0' ],
421 silly audit   'has-tostringtag': [ '1.0.2' ],
421 silly audit   hasown: [ '2.0.3' ],
421 silly audit   'hermes-estree': [ '0.25.1' ],
421 silly audit   'hermes-parser': [ '0.25.1' ],
421 silly audit   'iceberg-js': [ '0.8.1' ],
421 silly audit   'import-fresh': [ '3.3.1' ],
421 silly audit   imurmurhash: [ '0.1.4' ],
421 silly audit   'internal-slot': [ '1.1.0' ],
421 silly audit   'is-array-buffer': [ '3.0.5' ],
421 silly audit   'is-async-function': [ '2.1.1' ],
421 silly audit   'is-bigint': [ '1.1.0' ],
421 silly audit   'is-boolean-object': [ '1.2.2' ],
421 silly audit   'is-bun-module': [ '2.0.0' ],
421 silly audit   'is-callable': [ '1.2.7' ],
421 silly audit   'is-core-module': [ '2.16.2' ],
421 silly audit   'is-data-view': [ '1.0.2' ],
421 silly audit   'is-date-object': [ '1.1.0' ],
421 silly audit   'is-extglob': [ '2.1.1' ],
421 silly audit   'is-finalizationregistry': [ '1.1.1' ],
421 silly audit   'is-generator-function': [ '1.1.2' ],
421 silly audit   'is-glob': [ '4.0.3' ],
421 silly audit   'is-map': [ '2.0.3' ],
421 silly audit   'is-negative-zero': [ '2.0.3' ],
421 silly audit   'is-number': [ '7.0.0' ],
421 silly audit   'is-number-object': [ '1.1.1' ],
421 silly audit   'is-regex': [ '1.2.1' ],
421 silly audit   'is-set': [ '2.0.3' ],
421 silly audit   'is-shared-array-buffer': [ '1.0.4' ],
421 silly audit   'is-string': [ '1.1.1' ],
421 silly audit   'is-symbol': [ '1.1.1' ],
421 silly audit   'is-typed-array': [ '1.1.15' ],
421 silly audit   'is-weakmap': [ '2.0.2' ],
421 silly audit   'is-weakref': [ '1.1.1' ],
421 silly audit   'is-weakset': [ '2.0.4' ],
421 silly audit   isarray: [ '2.0.5' ],
421 silly audit   isexe: [ '2.0.0' ],
421 silly audit   'iterator.prototype': [ '1.1.5' ],
421 silly audit   jiti: [ '2.7.0' ],
421 silly audit   'js-tokens': [ '4.0.0' ],
421 silly audit   'js-yaml': [ '4.1.1', '3.14.2' ],
421 silly audit   jsesc: [ '3.1.0' ],
421 silly audit   'json-buffer': [ '3.0.1' ],
421 silly audit   'json-schema-traverse': [ '0.4.1' ],
421 silly audit   'json-stable-stringify-without-jsonify': [ '1.0.1' ],
421 silly audit   json5: [ '2.2.3', '1.0.2' ],
421 silly audit   'jsx-ast-utils': [ '3.3.5' ],
421 silly audit   keyv: [ '4.5.4' ],
421 silly audit   'language-subtag-registry': [ '0.3.23' ],
421 silly audit   'language-tags': [ '1.0.9' ],
421 silly audit   levn: [ '0.4.1' ],
421 silly audit   lightningcss: [ '1.32.0' ],
421 silly audit   'lightningcss-android-arm64': [ '1.32.0' ],
421 silly audit   'lightningcss-darwin-arm64': [ '1.32.0' ],
421 silly audit   'lightningcss-darwin-x64': [ '1.32.0' ],
421 silly audit   'lightningcss-freebsd-x64': [ '1.32.0' ],
421 silly audit   'lightningcss-linux-arm-gnueabihf': [ '1.32.0' ],
421 silly audit   'lightningcss-linux-arm64-gnu': [ '1.32.0' ],
421 silly audit   'lightningcss-linux-arm64-musl': [ '1.32.0' ],
421 silly audit   'lightningcss-linux-x64-gnu': [ '1.32.0' ],
421 silly audit   'lightningcss-linux-x64-musl': [ '1.32.0' ],
421 silly audit   'lightningcss-win32-arm64-msvc': [ '1.32.0' ],
421 silly audit   'lightningcss-win32-x64-msvc': [ '1.32.0' ],
421 silly audit   'locate-path': [ '6.0.0' ],
421 silly audit   'lodash.merge': [ '4.6.2' ],
421 silly audit   'loose-envify': [ '1.4.0' ],
421 silly audit   'lru-cache': [ '5.1.1' ],
421 silly audit   'lucide-react': [ '1.14.0' ],
421 silly audit   'magic-string': [ '0.30.21' ],
421 silly audit   'math-intrinsics': [ '1.1.0' ],
421 silly audit   merge2: [ '1.4.1' ],
421 silly audit   micromatch: [ '4.0.8' ],
421 silly audit   minimist: [ '1.2.8' ],
421 silly audit   'motion-dom': [ '12.38.0' ],
421 silly audit   'motion-utils': [ '12.36.0' ],
421 silly audit   ms: [ '2.1.3' ],
421 silly audit   nanoid: [ '3.3.12' ],
421 silly audit   'napi-postinstall': [ '0.3.4' ],
421 silly audit   'natural-compare': [ '1.4.0' ],
421 silly audit   next: [ '16.2.5' ],
421 silly audit   'next-themes': [ '0.4.6' ],
421 silly audit   postcss: [ '8.4.31', '8.5.14' ],
421 silly audit   'node-exports-info': [ '1.6.0' ],
421 silly audit   'node-releases': [ '2.0.38' ],
421 silly audit   'object-assign': [ '4.1.1' ],
421 silly audit   'object-inspect': [ '1.13.4' ],
421 silly audit   'object-keys': [ '1.1.1' ],
421 silly audit   'object.assign': [ '4.1.7' ],
421 silly audit   'object.entries': [ '1.1.9' ],
421 silly audit   'object.fromentries': [ '2.0.8' ],
421 silly audit   'object.groupby': [ '1.0.3' ],
421 silly audit   'object.values': [ '1.2.1' ],
421 silly audit   optionator: [ '0.9.4' ],
421 silly audit   'own-keys': [ '1.0.1' ],
421 silly audit   'p-limit': [ '3.1.0' ],
421 silly audit   'p-locate': [ '5.0.0' ],
421 silly audit   'parent-module': [ '1.0.1' ],
421 silly audit   'path-exists': [ '4.0.0' ],
421 silly audit   'path-key': [ '3.1.1' ],
421 silly audit   'path-parse': [ '1.0.7' ],
421 silly audit   picocolors: [ '1.1.1' ],
421 silly audit   picomatch: [ '2.3.2', '4.0.4' ],
421 silly audit   'possible-typed-array-names': [ '1.1.0' ],
421 silly audit   'prelude-ls': [ '1.2.1' ],
421 silly audit   'prop-types': [ '15.8.1' ],
421 silly audit   punycode: [ '2.3.1' ],
421 silly audit   'queue-microtask': [ '1.2.3' ],
421 silly audit   react: [ '19.2.4' ],
421 silly audit   'react-dom': [ '19.2.4' ],
421 silly audit   'react-hook-form': [ '7.75.0' ],
421 silly audit   'react-is': [ '16.13.1' ],
421 silly audit   'reflect.getprototypeof': [ '1.0.10' ],
421 silly audit   'regexp.prototype.flags': [ '1.5.4' ],
421 silly audit   resolve: [ '2.0.0-next.6' ],
421 silly audit   'resolve-from': [ '4.0.0' ],
421 silly audit   'resolve-pkg-maps': [ '1.0.0' ],
421 silly audit   reusify: [ '1.1.0' ],
421 silly audit   'run-parallel': [ '1.2.0' ],
421 silly audit   'safe-array-concat': [ '1.1.4' ],
421 silly audit   'safe-push-apply': [ '1.0.0' ],
421 silly audit   'safe-regex-test': [ '1.1.0' ],
421 silly audit   scheduler: [ '0.27.0' ],
421 silly audit   'set-function-length': [ '1.2.2' ],
421 silly audit   'set-function-name': [ '2.0.2' ],
421 silly audit   'set-proto': [ '1.0.0' ],
421 silly audit   sharp: [ '0.34.5' ],
421 silly audit   'shebang-command': [ '2.0.0' ],
421 silly audit   'shebang-regex': [ '3.0.0' ],
421 silly audit   'side-channel': [ '1.1.0' ],
421 silly audit   'side-channel-list': [ '1.0.1' ],
421 silly audit   'side-channel-map': [ '1.0.1' ],
421 silly audit   'side-channel-weakmap': [ '1.0.2' ],
421 silly audit   'source-map-js': [ '1.2.1' ],
421 silly audit   'stable-hash': [ '0.0.5' ],
421 silly audit   'stop-iteration-iterator': [ '1.1.0' ],
421 silly audit   'string.prototype.includes': [ '2.0.1' ],
421 silly audit   'string.prototype.matchall': [ '4.0.12' ],
421 silly audit   'string.prototype.repeat': [ '1.0.0' ],
421 silly audit   'string.prototype.trim': [ '1.2.10' ],
421 silly audit   'string.prototype.trimend': [ '1.0.9' ],
421 silly audit   'string.prototype.trimstart': [ '1.0.8' ],
421 silly audit   'strip-bom': [ '3.0.0' ],
421 silly audit   'strip-json-comments': [ '3.1.1' ],
421 silly audit   'styled-jsx': [ '5.1.6' ],
421 silly audit   'supports-color': [ '7.2.0' ],
421 silly audit   'supports-preserve-symlinks-flag': [ '1.0.0' ],
421 silly audit   tailwindcss: [ '4.2.4' ],
421 silly audit   tapable: [ '2.3.3' ],
421 silly audit   tinyglobby: [ '0.2.16' ],
421 silly audit   fdir: [ '6.5.0' ],
421 silly audit   'to-regex-range': [ '5.0.1' ],
421 silly audit   'ts-api-utils': [ '2.5.0' ],
421 silly audit   'tsconfig-paths': [ '3.15.0' ],
421 silly audit   tslib: [ '2.8.1' ],
421 silly audit   'type-check': [ '0.4.0' ],
421 silly audit   'typed-array-buffer': [ '1.0.3' ],
421 silly audit   'typed-array-byte-length': [ '1.0.3' ],
421 silly audit   'typed-array-byte-offset': [ '1.0.4' ],
421 silly audit   'typed-array-length': [ '1.0.7' ],
421 silly audit   typescript: [ '5.9.3' ],
421 silly audit   'typescript-eslint': [ '8.59.2' ],
421 silly audit   'unbox-primitive': [ '1.1.0' ],
421 silly audit   'undici-types': [ '6.21.0' ],
421 silly audit   'unrs-resolver': [ '1.11.1' ],
421 silly audit   'update-browserslist-db': [ '1.2.3' ],
421 silly audit   'uri-js': [ '4.4.1' ],
421 silly audit   which: [ '2.0.2' ],
421 silly audit   'which-boxed-primitive': [ '1.1.1' ],
421 silly audit   'which-builtin-type': [ '1.2.1' ],
421 silly audit   'which-collection': [ '1.0.2' ],
421 silly audit   'which-typed-array': [ '1.1.20' ],
421 silly audit   'word-wrap': [ '1.2.5' ],
421 silly audit   ws: [ '8.20.0' ],
421 silly audit   yallist: [ '3.1.1' ],
421 silly audit   'yocto-queue': [ '0.1.0' ],
421 silly audit   zod: [ '4.4.3' ],
421 silly audit   'zod-validation-error': [ '4.0.2' ],
421 silly audit   'gray-matter': [ '4.0.3' ],
421 silly audit   remark: [ '15.0.1' ],
421 silly audit   'remark-html': [ '16.0.1' ],
421 silly audit   'kind-of': [ '6.0.3' ],
421 silly audit   'section-matter': [ '1.0.0' ],
421 silly audit   'strip-bom-string': [ '1.0.0' ],
421 silly audit   '@types/mdast': [ '4.0.4' ],
421 silly audit   'remark-parse': [ '11.0.0' ],
421 silly audit   'remark-stringify': [ '11.0.0' ],
421 silly audit   unified: [ '11.0.5' ],
421 silly audit   '@types/unist': [ '3.0.3' ],
421 silly audit   'hast-util-sanitize': [ '5.0.2' ],
421 silly audit   'hast-util-to-html': [ '9.0.5' ],
421 silly audit   'mdast-util-to-hast': [ '13.2.1' ],
421 silly audit   '@types/hast': [ '3.0.4' ],
421 silly audit   '@ungap/structured-clone': [ '1.3.1' ],
421 silly audit   'unist-util-position': [ '5.0.0' ],
421 silly audit   ccount: [ '2.0.1' ],
421 silly audit   'comma-separated-tokens': [ '2.0.3' ],
421 silly audit   'hast-util-whitespace': [ '3.0.0' ],
421 silly audit   'html-void-elements': [ '3.0.0' ],
421 silly audit   'property-information': [ '7.1.0' ],
421 silly audit   'space-separated-tokens': [ '2.0.2' ],
421 silly audit   'stringify-entities': [ '4.0.4' ],
421 silly audit   zwitch: [ '2.0.4' ],
421 silly audit   devlop: [ '1.1.0' ],
421 silly audit   'micromark-util-sanitize-uri': [ '2.0.1' ],
421 silly audit   'trim-lines': [ '3.0.1' ],
421 silly audit   'unist-util-visit': [ '5.1.0' ],
421 silly audit   vfile: [ '6.0.3' ],
421 silly audit   dequal: [ '2.0.3' ],
421 silly audit   'micromark-util-character': [ '2.1.1' ],
421 silly audit   'micromark-util-encode': [ '2.0.1' ],
421 silly audit   'micromark-util-symbol': [ '2.0.1' ],
421 silly audit   'micromark-util-types': [ '2.0.2' ],
421 silly audit   'mdast-util-from-markdown': [ '2.0.3' ],
421 silly audit   'decode-named-character-reference': [ '1.3.0' ],
421 silly audit   'mdast-util-to-string': [ '4.0.0' ],
421 silly audit   micromark: [ '4.0.2' ],
421 silly audit   'micromark-util-decode-numeric-character-reference': [ '2.0.2' ],
421 silly audit   'micromark-util-decode-string': [ '2.0.1' ],
421 silly audit   'micromark-util-normalize-identifier': [ '2.0.1' ],
421 silly audit   'unist-util-stringify-position': [ '4.0.0' ],
421 silly audit   'character-entities': [ '2.0.2' ],
421 silly audit   '@types/debug': [ '4.1.13' ],
421 silly audit   'micromark-core-commonmark': [ '2.0.3' ],
421 silly audit   'micromark-factory-space': [ '2.0.1' ],
421 silly audit   'micromark-util-chunked': [ '2.0.1' ],
421 silly audit   'micromark-util-combine-extensions': [ '2.0.1' ],
421 silly audit   'micromark-util-resolve-all': [ '2.0.1' ],
421 silly audit   'micromark-util-subtokenize': [ '2.1.0' ],
421 silly audit   '@types/ms': [ '2.1.0' ],
421 silly audit   'micromark-factory-destination': [ '2.0.1' ],
421 silly audit   'micromark-factory-label': [ '2.0.1' ],
421 silly audit   'micromark-factory-title': [ '2.0.1' ],
421 silly audit   'micromark-factory-whitespace': [ '2.0.1' ],
421 silly audit   'micromark-util-classify-character': [ '2.0.1' ],
421 silly audit   'micromark-util-html-tag-name': [ '2.0.1' ],
421 silly audit   'mdast-util-to-markdown': [ '2.1.2' ],
421 silly audit   'longest-streak': [ '3.1.0' ],
421 silly audit   'mdast-util-phrasing': [ '4.1.0' ],
421 silly audit   'unist-util-is': [ '6.0.1' ],
421 silly audit   'extend-shallow': [ '2.0.1' ],
421 silly audit   'is-extendable': [ '0.1.1' ],
421 silly audit   'character-entities-html4': [ '2.1.0' ],
421 silly audit   'character-entities-legacy': [ '3.0.0' ],
421 silly audit   bail: [ '2.0.2' ],
421 silly audit   extend: [ '3.0.2' ],
421 silly audit   'is-plain-obj': [ '4.1.0' ],
421 silly audit   trough: [ '2.2.0' ],
421 silly audit   'unist-util-visit-parents': [ '6.0.2' ],
421 silly audit   'vfile-message': [ '4.0.3' ],
421 silly audit   esprima: [ '4.0.1' ],
421 silly audit   'sprintf-js': [ '1.0.3' ]
421 silly audit }
422 http cache esprima@https://registry.npmjs.org/esprima/-/esprima-4.0.1.tgz 0ms (cache hit)
423 http cache sprintf-js@https://registry.npmjs.org/sprintf-js/-/sprintf-js-1.0.3.tgz 0ms (cache hit)
424 http cache vfile-message@https://registry.npmjs.org/vfile-message/-/vfile-message-4.0.3.tgz 0ms (cache hit)
425 http cache trough@https://registry.npmjs.org/trough/-/trough-2.2.0.tgz 0ms (cache hit)
426 http cache is-plain-obj@https://registry.npmjs.org/is-plain-obj/-/is-plain-obj-4.1.0.tgz 0ms (cache hit)
427 http cache extend@https://registry.npmjs.org/extend/-/extend-3.0.2.tgz 0ms (cache hit)
428 http cache bail@https://registry.npmjs.org/bail/-/bail-2.0.2.tgz 0ms (cache hit)
429 http cache character-entities-legacy@https://registry.npmjs.org/character-entities-legacy/-/character-entities-legacy-3.0.0.tgz 0ms (cache hit)
430 http cache unist-util-visit-parents@https://registry.npmjs.org/unist-util-visit-parents/-/unist-util-visit-parents-6.0.2.tgz 0ms (cache hit)
431 http cache character-entities-html4@https://registry.npmjs.org/character-entities-html4/-/character-entities-html4-2.1.0.tgz 0ms (cache hit)
432 http cache is-extendable@https://registry.npmjs.org/is-extendable/-/is-extendable-0.1.1.tgz 0ms (cache hit)
433 http cache extend-shallow@https://registry.npmjs.org/extend-shallow/-/extend-shallow-2.0.1.tgz 0ms (cache hit)
434 http cache mdast-util-phrasing@https://registry.npmjs.org/mdast-util-phrasing/-/mdast-util-phrasing-4.1.0.tgz 0ms (cache hit)
435 http cache unist-util-is@https://registry.npmjs.org/unist-util-is/-/unist-util-is-6.0.1.tgz 0ms (cache hit)
436 http cache longest-streak@https://registry.npmjs.org/longest-streak/-/longest-streak-3.1.0.tgz 0ms (cache hit)
437 http cache mdast-util-to-markdown@https://registry.npmjs.org/mdast-util-to-markdown/-/mdast-util-to-markdown-2.1.2.tgz 0ms (cache hit)
438 http cache micromark-util-classify-character@https://registry.npmjs.org/micromark-util-classify-character/-/micromark-util-classify-character-2.0.1.tgz 0ms (cache hit)
439 http cache micromark-util-html-tag-name@https://registry.npmjs.org/micromark-util-html-tag-name/-/micromark-util-html-tag-name-2.0.1.tgz 0ms (cache hit)
440 http cache micromark-factory-title@https://registry.npmjs.org/micromark-factory-title/-/micromark-factory-title-2.0.1.tgz 0ms (cache hit)
441 http cache micromark-factory-label@https://registry.npmjs.org/micromark-factory-label/-/micromark-factory-label-2.0.1.tgz 0ms (cache hit)
442 http cache @types/ms@https://registry.npmjs.org/@types/ms/-/ms-2.1.0.tgz 0ms (cache hit)
443 http cache micromark-util-subtokenize@https://registry.npmjs.org/micromark-util-subtokenize/-/micromark-util-subtokenize-2.1.0.tgz 0ms (cache hit)
444 http cache micromark-factory-destination@https://registry.npmjs.org/micromark-factory-destination/-/micromark-factory-destination-2.0.1.tgz 0ms (cache hit)
445 http cache micromark-factory-whitespace@https://registry.npmjs.org/micromark-factory-whitespace/-/micromark-factory-whitespace-2.0.1.tgz 0ms (cache hit)
446 http cache micromark-util-resolve-all@https://registry.npmjs.org/micromark-util-resolve-all/-/micromark-util-resolve-all-2.0.1.tgz 0ms (cache hit)
447 http cache micromark-util-chunked@https://registry.npmjs.org/micromark-util-chunked/-/micromark-util-chunked-2.0.1.tgz 0ms (cache hit)
448 http cache micromark-util-combine-extensions@https://registry.npmjs.org/micromark-util-combine-extensions/-/micromark-util-combine-extensions-2.0.1.tgz 0ms (cache hit)
449 http cache micromark-core-commonmark@https://registry.npmjs.org/micromark-core-commonmark/-/micromark-core-commonmark-2.0.3.tgz 0ms (cache hit)
450 http cache @types/debug@https://registry.npmjs.org/@types/debug/-/debug-4.1.13.tgz 0ms (cache hit)
451 http cache character-entities@https://registry.npmjs.org/character-entities/-/character-entities-2.0.2.tgz 0ms (cache hit)
452 http cache micromark-factory-space@https://registry.npmjs.org/micromark-factory-space/-/micromark-factory-space-2.0.1.tgz 0ms (cache hit)
453 http cache unist-util-stringify-position@https://registry.npmjs.org/unist-util-stringify-position/-/unist-util-stringify-position-4.0.0.tgz 0ms (cache hit)
454 http cache micromark-util-normalize-identifier@https://registry.npmjs.org/micromark-util-normalize-identifier/-/micromark-util-normalize-identifier-2.0.1.tgz 0ms (cache hit)
455 http cache micromark-util-decode-numeric-character-reference@https://registry.npmjs.org/micromark-util-decode-numeric-character-reference/-/micromark-util-decode-numeric-character-reference-2.0.2.tgz 0ms (cache hit)
456 http cache micromark@https://registry.npmjs.org/micromark/-/micromark-4.0.2.tgz 0ms (cache hit)
457 http cache decode-named-character-reference@https://registry.npmjs.org/decode-named-character-reference/-/decode-named-character-reference-1.3.0.tgz 0ms (cache hit)
458 http cache micromark-util-decode-string@https://registry.npmjs.org/micromark-util-decode-string/-/micromark-util-decode-string-2.0.1.tgz 0ms (cache hit)
459 http cache mdast-util-to-string@https://registry.npmjs.org/mdast-util-to-string/-/mdast-util-to-string-4.0.0.tgz 0ms (cache hit)
460 http cache mdast-util-from-markdown@https://registry.npmjs.org/mdast-util-from-markdown/-/mdast-util-from-markdown-2.0.3.tgz 0ms (cache hit)
461 http cache micromark-util-types@https://registry.npmjs.org/micromark-util-types/-/micromark-util-types-2.0.2.tgz 0ms (cache hit)
462 http cache micromark-util-symbol@https://registry.npmjs.org/micromark-util-symbol/-/micromark-util-symbol-2.0.1.tgz 0ms (cache hit)
463 http cache micromark-util-encode@https://registry.npmjs.org/micromark-util-encode/-/micromark-util-encode-2.0.1.tgz 0ms (cache hit)
464 http cache dequal@https://registry.npmjs.org/dequal/-/dequal-2.0.3.tgz 0ms (cache hit)
465 http cache micromark-util-character@https://registry.npmjs.org/micromark-util-character/-/micromark-util-character-2.1.1.tgz 0ms (cache hit)
466 http cache vfile@https://registry.npmjs.org/vfile/-/vfile-6.0.3.tgz 0ms (cache hit)
467 http cache unist-util-visit@https://registry.npmjs.org/unist-util-visit/-/unist-util-visit-5.1.0.tgz 0ms (cache hit)
468 http cache trim-lines@https://registry.npmjs.org/trim-lines/-/trim-lines-3.0.1.tgz 0ms (cache hit)
469 http cache micromark-util-sanitize-uri@https://registry.npmjs.org/micromark-util-sanitize-uri/-/micromark-util-sanitize-uri-2.0.1.tgz 0ms (cache hit)
470 http cache devlop@https://registry.npmjs.org/devlop/-/devlop-1.1.0.tgz 0ms (cache hit)
471 http cache zwitch@https://registry.npmjs.org/zwitch/-/zwitch-2.0.4.tgz 0ms (cache hit)
472 http cache stringify-entities@https://registry.npmjs.org/stringify-entities/-/stringify-entities-4.0.4.tgz 0ms (cache hit)
473 http cache space-separated-tokens@https://registry.npmjs.org/space-separated-tokens/-/space-separated-tokens-2.0.2.tgz 0ms (cache hit)
474 http cache property-information@https://registry.npmjs.org/property-information/-/property-information-7.1.0.tgz 0ms (cache hit)
475 http cache html-void-elements@https://registry.npmjs.org/html-void-elements/-/html-void-elements-3.0.0.tgz 0ms (cache hit)
476 http cache hast-util-whitespace@https://registry.npmjs.org/hast-util-whitespace/-/hast-util-whitespace-3.0.0.tgz 0ms (cache hit)
477 http cache comma-separated-tokens@https://registry.npmjs.org/comma-separated-tokens/-/comma-separated-tokens-2.0.3.tgz 0ms (cache hit)
478 http cache ccount@https://registry.npmjs.org/ccount/-/ccount-2.0.1.tgz 0ms (cache hit)
479 http cache unist-util-position@https://registry.npmjs.org/unist-util-position/-/unist-util-position-5.0.0.tgz 0ms (cache hit)
480 http cache @ungap/structured-clone@https://registry.npmjs.org/@ungap/structured-clone/-/structured-clone-1.3.1.tgz 0ms (cache hit)
481 http cache @types/hast@https://registry.npmjs.org/@types/hast/-/hast-3.0.4.tgz 0ms (cache hit)
482 http cache mdast-util-to-hast@https://registry.npmjs.org/mdast-util-to-hast/-/mdast-util-to-hast-13.2.1.tgz 0ms (cache hit)
483 http cache hast-util-sanitize@https://registry.npmjs.org/hast-util-sanitize/-/hast-util-sanitize-5.0.2.tgz 0ms (cache hit)
484 http cache @types/unist@https://registry.npmjs.org/@types/unist/-/unist-3.0.3.tgz 0ms (cache hit)
485 http cache unified@https://registry.npmjs.org/unified/-/unified-11.0.5.tgz 0ms (cache hit)
486 http cache hast-util-to-html@https://registry.npmjs.org/hast-util-to-html/-/hast-util-to-html-9.0.5.tgz 0ms (cache hit)
487 http cache remark-stringify@https://registry.npmjs.org/remark-stringify/-/remark-stringify-11.0.0.tgz 0ms (cache hit)
488 http cache strip-bom-string@https://registry.npmjs.org/strip-bom-string/-/strip-bom-string-1.0.0.tgz 0ms (cache hit)
489 http cache section-matter@https://registry.npmjs.org/section-matter/-/section-matter-1.0.0.tgz 0ms (cache hit)
490 http cache remark-parse@https://registry.npmjs.org/remark-parse/-/remark-parse-11.0.0.tgz 0ms (cache hit)
491 http cache @types/mdast@https://registry.npmjs.org/@types/mdast/-/mdast-4.0.4.tgz 0ms (cache hit)
492 http cache kind-of@https://registry.npmjs.org/kind-of/-/kind-of-6.0.3.tgz 0ms (cache hit)
493 http cache remark-html@https://registry.npmjs.org/remark-html/-/remark-html-16.0.1.tgz 0ms (cache hit)
494 http cache remark@https://registry.npmjs.org/remark/-/remark-15.0.1.tgz 0ms (cache hit)
495 http cache gray-matter@https://registry.npmjs.org/gray-matter/-/gray-matter-4.0.3.tgz 0ms (cache hit)
496 http cache js-yaml@https://registry.npmjs.org/js-yaml/-/js-yaml-3.14.2.tgz 0ms (cache hit)
497 http cache argparse@https://registry.npmjs.org/argparse/-/argparse-1.0.10.tgz 0ms (cache hit)
498 silly tarball no local data for esprima@https://registry.npmjs.org/esprima/-/esprima-4.0.1.tgz. Extracting by manifest.
499 silly tarball no local data for sprintf-js@https://registry.npmjs.org/sprintf-js/-/sprintf-js-1.0.3.tgz. Extracting by manifest.
500 silly tarball no local data for vfile-message@https://registry.npmjs.org/vfile-message/-/vfile-message-4.0.3.tgz. Extracting by manifest.
501 silly tarball no local data for trough@https://registry.npmjs.org/trough/-/trough-2.2.0.tgz. Extracting by manifest.
502 silly tarball no local data for is-plain-obj@https://registry.npmjs.org/is-plain-obj/-/is-plain-obj-4.1.0.tgz. Extracting by manifest.
503 silly tarball no local data for extend@https://registry.npmjs.org/extend/-/extend-3.0.2.tgz. Extracting by manifest.
504 silly tarball no local data for bail@https://registry.npmjs.org/bail/-/bail-2.0.2.tgz. Extracting by manifest.
505 silly tarball no local data for character-entities-legacy@https://registry.npmjs.org/character-entities-legacy/-/character-entities-legacy-3.0.0.tgz. Extracting by manifest.
506 silly tarball no local data for unist-util-visit-parents@https://registry.npmjs.org/unist-util-visit-parents/-/unist-util-visit-parents-6.0.2.tgz. Extracting by manifest.
507 silly tarball no local data for character-entities-html4@https://registry.npmjs.org/character-entities-html4/-/character-entities-html4-2.1.0.tgz. Extracting by manifest.
508 silly tarball no local data for is-extendable@https://registry.npmjs.org/is-extendable/-/is-extendable-0.1.1.tgz. Extracting by manifest.
509 silly tarball no local data for extend-shallow@https://registry.npmjs.org/extend-shallow/-/extend-shallow-2.0.1.tgz. Extracting by manifest.
510 silly tarball no local data for mdast-util-phrasing@https://registry.npmjs.org/mdast-util-phrasing/-/mdast-util-phrasing-4.1.0.tgz. Extracting by manifest.
511 silly tarball no local data for unist-util-is@https://registry.npmjs.org/unist-util-is/-/unist-util-is-6.0.1.tgz. Extracting by manifest.
512 silly tarball no local data for longest-streak@https://registry.npmjs.org/longest-streak/-/longest-streak-3.1.0.tgz. Extracting by manifest.
513 silly tarball no local data for mdast-util-to-markdown@https://registry.npmjs.org/mdast-util-to-markdown/-/mdast-util-to-markdown-2.1.2.tgz. Extracting by manifest.
514 silly tarball no local data for micromark-util-classify-character@https://registry.npmjs.org/micromark-util-classify-character/-/micromark-util-classify-character-2.0.1.tgz. Extracting by manifest.
515 silly tarball no local data for micromark-util-html-tag-name@https://registry.npmjs.org/micromark-util-html-tag-name/-/micromark-util-html-tag-name-2.0.1.tgz. Extracting by manifest.
516 silly tarball no local data for micromark-factory-title@https://registry.npmjs.org/micromark-factory-title/-/micromark-factory-title-2.0.1.tgz. Extracting by manifest.
517 silly tarball no local data for micromark-factory-label@https://registry.npmjs.org/micromark-factory-label/-/micromark-factory-label-2.0.1.tgz. Extracting by manifest.
518 silly tarball no local data for @types/ms@https://registry.npmjs.org/@types/ms/-/ms-2.1.0.tgz. Extracting by manifest.
519 silly tarball no local data for micromark-util-subtokenize@https://registry.npmjs.org/micromark-util-subtokenize/-/micromark-util-subtokenize-2.1.0.tgz. Extracting by manifest.
520 silly tarball no local data for micromark-factory-destination@https://registry.npmjs.org/micromark-factory-destination/-/micromark-factory-destination-2.0.1.tgz. Extracting by manifest.
521 silly tarball no local data for micromark-factory-whitespace@https://registry.npmjs.org/micromark-factory-whitespace/-/micromark-factory-whitespace-2.0.1.tgz. Extracting by manifest.
522 silly tarball no local data for micromark-util-resolve-all@https://registry.npmjs.org/micromark-util-resolve-all/-/micromark-util-resolve-all-2.0.1.tgz. Extracting by manifest.
523 silly tarball no local data for micromark-util-chunked@https://registry.npmjs.org/micromark-util-chunked/-/micromark-util-chunked-2.0.1.tgz. Extracting by manifest.
524 silly tarball no local data for micromark-util-combine-extensions@https://registry.npmjs.org/micromark-util-combine-extensions/-/micromark-util-combine-extensions-2.0.1.tgz. Extracting by manifest.
525 silly tarball no local data for micromark-core-commonmark@https://registry.npmjs.org/micromark-core-commonmark/-/micromark-core-commonmark-2.0.3.tgz. Extracting by manifest.
526 silly tarball no local data for @types/debug@https://registry.npmjs.org/@types/debug/-/debug-4.1.13.tgz. Extracting by manifest.
527 silly tarball no local data for character-entities@https://registry.npmjs.org/character-entities/-/character-entities-2.0.2.tgz. Extracting by manifest.
528 silly tarball no local data for micromark-factory-space@https://registry.npmjs.org/micromark-factory-space/-/micromark-factory-space-2.0.1.tgz. Extracting by manifest.
529 silly tarball no local data for unist-util-stringify-position@https://registry.npmjs.org/unist-util-stringify-position/-/unist-util-stringify-position-4.0.0.tgz. Extracting by manifest.
530 silly tarball no local data for micromark-util-normalize-identifier@https://registry.npmjs.org/micromark-util-normalize-identifier/-/micromark-util-normalize-identifier-2.0.1.tgz. Extracting by manifest.
531 silly tarball no local data for micromark-util-decode-numeric-character-reference@https://registry.npmjs.org/micromark-util-decode-numeric-character-reference/-/micromark-util-decode-numeric-character-reference-2.0.2.tgz. Extracting by manifest.
532 silly tarball no local data for micromark@https://registry.npmjs.org/micromark/-/micromark-4.0.2.tgz. Extracting by manifest.
533 silly tarball no local data for decode-named-character-reference@https://registry.npmjs.org/decode-named-character-reference/-/decode-named-character-reference-1.3.0.tgz. Extracting by manifest.
534 silly tarball no local data for micromark-util-decode-string@https://registry.npmjs.org/micromark-util-decode-string/-/micromark-util-decode-string-2.0.1.tgz. Extracting by manifest.
535 silly tarball no local data for mdast-util-to-string@https://registry.npmjs.org/mdast-util-to-string/-/mdast-util-to-string-4.0.0.tgz. Extracting by manifest.
536 silly tarball no local data for mdast-util-from-markdown@https://registry.npmjs.org/mdast-util-from-markdown/-/mdast-util-from-markdown-2.0.3.tgz. Extracting by manifest.
537 silly tarball no local data for micromark-util-types@https://registry.npmjs.org/micromark-util-types/-/micromark-util-types-2.0.2.tgz. Extracting by manifest.
538 silly tarball no local data for micromark-util-symbol@https://registry.npmjs.org/micromark-util-symbol/-/micromark-util-symbol-2.0.1.tgz. Extracting by manifest.
539 silly tarball no local data for micromark-util-encode@https://registry.npmjs.org/micromark-util-encode/-/micromark-util-encode-2.0.1.tgz. Extracting by manifest.
540 silly tarball no local data for dequal@https://registry.npmjs.org/dequal/-/dequal-2.0.3.tgz. Extracting by manifest.
541 silly tarball no local data for micromark-util-character@https://registry.npmjs.org/micromark-util-character/-/micromark-util-character-2.1.1.tgz. Extracting by manifest.
542 silly tarball no local data for vfile@https://registry.npmjs.org/vfile/-/vfile-6.0.3.tgz. Extracting by manifest.
543 silly tarball no local data for unist-util-visit@https://registry.npmjs.org/unist-util-visit/-/unist-util-visit-5.1.0.tgz. Extracting by manifest.
544 silly tarball no local data for trim-lines@https://registry.npmjs.org/trim-lines/-/trim-lines-3.0.1.tgz. Extracting by manifest.
545 silly tarball no local data for micromark-util-sanitize-uri@https://registry.npmjs.org/micromark-util-sanitize-uri/-/micromark-util-sanitize-uri-2.0.1.tgz. Extracting by manifest.
546 silly tarball no local data for devlop@https://registry.npmjs.org/devlop/-/devlop-1.1.0.tgz. Extracting by manifest.
547 silly tarball no local data for zwitch@https://registry.npmjs.org/zwitch/-/zwitch-2.0.4.tgz. Extracting by manifest.
548 silly tarball no local data for stringify-entities@https://registry.npmjs.org/stringify-entities/-/stringify-entities-4.0.4.tgz. Extracting by manifest.
549 silly tarball no local data for space-separated-tokens@https://registry.npmjs.org/space-separated-tokens/-/space-separated-tokens-2.0.2.tgz. Extracting by manifest.
550 silly tarball no local data for property-information@https://registry.npmjs.org/property-information/-/property-information-7.1.0.tgz. Extracting by manifest.
551 silly tarball no local data for html-void-elements@https://registry.npmjs.org/html-void-elements/-/html-void-elements-3.0.0.tgz. Extracting by manifest.
552 silly tarball no local data for hast-util-whitespace@https://registry.npmjs.org/hast-util-whitespace/-/hast-util-whitespace-3.0.0.tgz. Extracting by manifest.
553 silly tarball no local data for comma-separated-tokens@https://registry.npmjs.org/comma-separated-tokens/-/comma-separated-tokens-2.0.3.tgz. Extracting by manifest.
554 silly tarball no local data for ccount@https://registry.npmjs.org/ccount/-/ccount-2.0.1.tgz. Extracting by manifest.
555 silly tarball no local data for unist-util-position@https://registry.npmjs.org/unist-util-position/-/unist-util-position-5.0.0.tgz. Extracting by manifest.
556 silly tarball no local data for @ungap/structured-clone@https://registry.npmjs.org/@ungap/structured-clone/-/structured-clone-1.3.1.tgz. Extracting by manifest.
557 silly tarball no local data for @types/hast@https://registry.npmjs.org/@types/hast/-/hast-3.0.4.tgz. Extracting by manifest.
558 silly tarball no local data for mdast-util-to-hast@https://registry.npmjs.org/mdast-util-to-hast/-/mdast-util-to-hast-13.2.1.tgz. Extracting by manifest.
559 silly tarball no local data for hast-util-sanitize@https://registry.npmjs.org/hast-util-sanitize/-/hast-util-sanitize-5.0.2.tgz. Extracting by manifest.
560 silly tarball no local data for @types/unist@https://registry.npmjs.org/@types/unist/-/unist-3.0.3.tgz. Extracting by manifest.
561 silly tarball no local data for unified@https://registry.npmjs.org/unified/-/unified-11.0.5.tgz. Extracting by manifest.
562 silly tarball no local data for hast-util-to-html@https://registry.npmjs.org/hast-util-to-html/-/hast-util-to-html-9.0.5.tgz. Extracting by manifest.
563 silly tarball no local data for remark-stringify@https://registry.npmjs.org/remark-stringify/-/remark-stringify-11.0.0.tgz. Extracting by manifest.
564 silly tarball no local data for strip-bom-string@https://registry.npmjs.org/strip-bom-string/-/strip-bom-string-1.0.0.tgz. Extracting by manifest.
565 silly tarball no local data for section-matter@https://registry.npmjs.org/section-matter/-/section-matter-1.0.0.tgz. Extracting by manifest.
566 silly tarball no local data for remark-parse@https://registry.npmjs.org/remark-parse/-/remark-parse-11.0.0.tgz. Extracting by manifest.
567 silly tarball no local data for @types/mdast@https://registry.npmjs.org/@types/mdast/-/mdast-4.0.4.tgz. Extracting by manifest.
568 silly tarball no local data for kind-of@https://registry.npmjs.org/kind-of/-/kind-of-6.0.3.tgz. Extracting by manifest.
569 silly tarball no local data for remark-html@https://registry.npmjs.org/remark-html/-/remark-html-16.0.1.tgz. Extracting by manifest.
570 silly tarball no local data for remark@https://registry.npmjs.org/remark/-/remark-15.0.1.tgz. Extracting by manifest.
571 silly tarball no local data for gray-matter@https://registry.npmjs.org/gray-matter/-/gray-matter-4.0.3.tgz. Extracting by manifest.
572 silly tarball no local data for js-yaml@https://registry.npmjs.org/js-yaml/-/js-yaml-3.14.2.tgz. Extracting by manifest.
573 silly tarball no local data for argparse@https://registry.npmjs.org/argparse/-/argparse-1.0.10.tgz. Extracting by manifest.
574 http fetch GET 200 https://registry.npmjs.org/is-plain-obj/-/is-plain-obj-4.1.0.tgz 205ms (cache miss)
575 http fetch GET 200 https://registry.npmjs.org/vfile-message/-/vfile-message-4.0.3.tgz 206ms (cache miss)
576 http fetch GET 200 https://registry.npmjs.org/extend/-/extend-3.0.2.tgz 206ms (cache miss)
577 http fetch GET 200 https://registry.npmjs.org/trough/-/trough-2.2.0.tgz 207ms (cache miss)
578 http fetch GET 200 https://registry.npmjs.org/sprintf-js/-/sprintf-js-1.0.3.tgz 208ms (cache miss)
579 http fetch GET 200 https://registry.npmjs.org/esprima/-/esprima-4.0.1.tgz 208ms (cache miss)
580 http fetch POST 200 https://registry.npmjs.org/-/npm/v1/security/advisories/bulk 300ms
581 silly audit report {
581 silly audit report   postcss: [
581 silly audit report     {
581 silly audit report       id: 1117015,
581 silly audit report       url: 'https://github.com/advisories/GHSA-qx2v-qp2m-jg93',
581 silly audit report       title: 'PostCSS has XSS via Unescaped </style> in its CSS Stringify Output',
581 silly audit report       severity: 'moderate',
581 silly audit report       vulnerable_versions: '<8.5.10',
581 silly audit report       cwe: [Array],
581 silly audit report       cvss: [Object]
581 silly audit report     }
581 silly audit report   ]
581 silly audit report }
582 silly packumentCache corgi:https://registry.npmjs.org/postcss cache-miss
583 http fetch GET 200 https://registry.npmjs.org/longest-streak/-/longest-streak-3.1.0.tgz 300ms (cache miss)
584 http fetch GET 200 https://registry.npmjs.org/micromark-util-classify-character/-/micromark-util-classify-character-2.0.1.tgz 303ms (cache miss)
585 http fetch GET 200 https://registry.npmjs.org/micromark-factory-title/-/micromark-factory-title-2.0.1.tgz 412ms (cache miss)
586 http fetch GET 200 https://registry.npmjs.org/micromark-factory-label/-/micromark-factory-label-2.0.1.tgz 412ms (cache miss)
587 http fetch GET 200 https://registry.npmjs.org/micromark-util-html-tag-name/-/micromark-util-html-tag-name-2.0.1.tgz 413ms (cache miss)
588 http fetch GET 200 https://registry.npmjs.org/is-extendable/-/is-extendable-0.1.1.tgz 414ms (cache miss)
589 http fetch GET 200 https://registry.npmjs.org/character-entities-html4/-/character-entities-html4-2.1.0.tgz 414ms (cache miss)
590 http fetch GET 200 https://registry.npmjs.org/mdast-util-phrasing/-/mdast-util-phrasing-4.1.0.tgz 414ms (cache miss)
591 http fetch GET 200 https://registry.npmjs.org/extend-shallow/-/extend-shallow-2.0.1.tgz 414ms (cache miss)
592 http fetch GET 200 https://registry.npmjs.org/@types/ms/-/ms-2.1.0.tgz 414ms (cache miss)
593 http fetch GET 200 https://registry.npmjs.org/unist-util-is/-/unist-util-is-6.0.1.tgz 415ms (cache miss)
594 http fetch GET 200 https://registry.npmjs.org/micromark-factory-destination/-/micromark-factory-destination-2.0.1.tgz 414ms (cache miss)
595 http fetch GET 200 https://registry.npmjs.org/micromark-util-subtokenize/-/micromark-util-subtokenize-2.1.0.tgz 418ms (cache miss)
596 http fetch GET 200 https://registry.npmjs.org/mdast-util-to-markdown/-/mdast-util-to-markdown-2.1.2.tgz 430ms (cache miss)
597 http fetch GET 200 https://registry.npmjs.org/unist-util-visit-parents/-/unist-util-visit-parents-6.0.2.tgz 522ms (cache miss)
598 http fetch GET 200 https://registry.npmjs.org/micromark-factory-whitespace/-/micromark-factory-whitespace-2.0.1.tgz 521ms (cache miss)
599 http fetch GET 200 https://registry.npmjs.org/character-entities-legacy/-/character-entities-legacy-3.0.0.tgz 523ms (cache miss)
600 http fetch GET 200 https://registry.npmjs.org/micromark-util-resolve-all/-/micromark-util-resolve-all-2.0.1.tgz 522ms (cache miss)
601 http fetch GET 200 https://registry.npmjs.org/bail/-/bail-2.0.2.tgz 524ms (cache miss)
602 http fetch GET 200 https://registry.npmjs.org/micromark-factory-space/-/micromark-factory-space-2.0.1.tgz 522ms (cache miss)
603 http fetch GET 200 https://registry.npmjs.org/unist-util-stringify-position/-/unist-util-stringify-position-4.0.0.tgz 521ms (cache miss)
604 http fetch GET 200 https://registry.npmjs.org/micromark-util-chunked/-/micromark-util-chunked-2.0.1.tgz 522ms (cache miss)
605 http fetch GET 200 https://registry.npmjs.org/micromark-util-combine-extensions/-/micromark-util-combine-extensions-2.0.1.tgz 523ms (cache miss)
606 http fetch GET 200 https://registry.npmjs.org/character-entities/-/character-entities-2.0.2.tgz 523ms (cache miss)
607 http fetch GET 200 https://registry.npmjs.org/micromark-util-normalize-identifier/-/micromark-util-normalize-identifier-2.0.1.tgz 527ms (cache miss)
608 http fetch GET 200 https://registry.npmjs.org/@types/debug/-/debug-4.1.13.tgz 528ms (cache miss)
609 http fetch GET 200 https://registry.npmjs.org/micromark-util-decode-numeric-character-reference/-/micromark-util-decode-numeric-character-reference-2.0.2.tgz 527ms (cache miss)
610 http fetch GET 200 https://registry.npmjs.org/micromark-core-commonmark/-/micromark-core-commonmark-2.0.3.tgz 539ms (cache miss)
611 http fetch GET 200 https://registry.npmjs.org/micromark/-/micromark-4.0.2.tgz 549ms (cache miss)
612 http fetch GET 200 https://registry.npmjs.org/micromark-util-decode-string/-/micromark-util-decode-string-2.0.1.tgz 619ms (cache miss)
613 http fetch GET 200 https://registry.npmjs.org/micromark-util-types/-/micromark-util-types-2.0.2.tgz 621ms (cache miss)
614 http fetch GET 200 https://registry.npmjs.org/decode-named-character-reference/-/decode-named-character-reference-1.3.0.tgz 622ms (cache miss)
615 http fetch GET 200 https://registry.npmjs.org/mdast-util-to-string/-/mdast-util-to-string-4.0.0.tgz 625ms (cache miss)
616 http fetch GET 200 https://registry.npmjs.org/unist-util-visit/-/unist-util-visit-5.1.0.tgz 633ms (cache miss)
617 http fetch GET 200 https://registry.npmjs.org/trim-lines/-/trim-lines-3.0.1.tgz 634ms (cache miss)
618 http fetch GET 200 https://registry.npmjs.org/micromark-util-character/-/micromark-util-character-2.1.1.tgz 636ms (cache miss)
619 http fetch GET 200 https://registry.npmjs.org/micromark-util-sanitize-uri/-/micromark-util-sanitize-uri-2.0.1.tgz 637ms (cache miss)
620 http fetch GET 200 https://registry.npmjs.org/dequal/-/dequal-2.0.3.tgz 639ms (cache miss)
621 http fetch GET 200 https://registry.npmjs.org/micromark-util-symbol/-/micromark-util-symbol-2.0.1.tgz 640ms (cache miss)
622 http fetch GET 200 https://registry.npmjs.org/mdast-util-from-markdown/-/mdast-util-from-markdown-2.0.3.tgz 640ms (cache miss)
623 http fetch GET 200 https://registry.npmjs.org/micromark-util-encode/-/micromark-util-encode-2.0.1.tgz 643ms (cache miss)
624 http fetch GET 200 https://registry.npmjs.org/devlop/-/devlop-1.1.0.tgz 666ms (cache miss)
625 http fetch GET 200 https://registry.npmjs.org/vfile/-/vfile-6.0.3.tgz 668ms (cache miss)
626 http fetch GET 200 https://registry.npmjs.org/zwitch/-/zwitch-2.0.4.tgz 692ms (cache miss)
627 http fetch GET 200 https://registry.npmjs.org/stringify-entities/-/stringify-entities-4.0.4.tgz 732ms (cache miss)
628 http fetch GET 200 https://registry.npmjs.org/property-information/-/property-information-7.1.0.tgz 735ms (cache miss)
629 http fetch GET 200 https://registry.npmjs.org/html-void-elements/-/html-void-elements-3.0.0.tgz 736ms (cache miss)
630 http fetch GET 200 https://registry.npmjs.org/space-separated-tokens/-/space-separated-tokens-2.0.2.tgz 737ms (cache miss)
631 http fetch GET 200 https://registry.npmjs.org/hast-util-whitespace/-/hast-util-whitespace-3.0.0.tgz 737ms (cache miss)
632 http fetch GET 200 https://registry.npmjs.org/comma-separated-tokens/-/comma-separated-tokens-2.0.3.tgz 743ms (cache miss)
633 http fetch GET 200 https://registry.npmjs.org/unist-util-position/-/unist-util-position-5.0.0.tgz 747ms (cache miss)
634 http fetch GET 200 https://registry.npmjs.org/ccount/-/ccount-2.0.1.tgz 748ms (cache miss)
635 http fetch GET 200 https://registry.npmjs.org/@types/hast/-/hast-3.0.4.tgz 757ms (cache miss)
636 http fetch GET 200 https://registry.npmjs.org/@ungap/structured-clone/-/structured-clone-1.3.1.tgz 798ms (cache miss)
637 http fetch GET 200 https://registry.npmjs.org/hast-util-sanitize/-/hast-util-sanitize-5.0.2.tgz 800ms (cache miss)
638 http fetch GET 200 https://registry.npmjs.org/@types/unist/-/unist-3.0.3.tgz 803ms (cache miss)
639 http fetch GET 200 https://registry.npmjs.org/unified/-/unified-11.0.5.tgz 802ms (cache miss)
640 http fetch GET 200 https://registry.npmjs.org/mdast-util-to-hast/-/mdast-util-to-hast-13.2.1.tgz 804ms (cache miss)
641 http fetch GET 200 https://registry.npmjs.org/hast-util-to-html/-/hast-util-to-html-9.0.5.tgz 813ms (cache miss)
642 http fetch GET 200 https://registry.npmjs.org/strip-bom-string/-/strip-bom-string-1.0.0.tgz 838ms (cache miss)
643 http fetch GET 200 https://registry.npmjs.org/@types/mdast/-/mdast-4.0.4.tgz 841ms (cache miss)
644 http fetch GET 200 https://registry.npmjs.org/remark-stringify/-/remark-stringify-11.0.0.tgz 846ms (cache miss)
645 http fetch GET 200 https://registry.npmjs.org/section-matter/-/section-matter-1.0.0.tgz 853ms (cache miss)
646 http fetch GET 200 https://registry.npmjs.org/kind-of/-/kind-of-6.0.3.tgz 853ms (cache miss)
647 http fetch GET 200 https://registry.npmjs.org/remark-html/-/remark-html-16.0.1.tgz 858ms (cache miss)
648 http fetch GET 200 https://registry.npmjs.org/remark/-/remark-15.0.1.tgz 859ms (cache miss)
649 http fetch GET 200 https://registry.npmjs.org/remark-parse/-/remark-parse-11.0.0.tgz 864ms (cache miss)
650 http fetch GET 200 https://registry.npmjs.org/gray-matter/-/gray-matter-4.0.3.tgz 873ms (cache miss)
651 http fetch GET 200 https://registry.npmjs.org/argparse/-/argparse-1.0.10.tgz 938ms (cache miss)
652 http fetch GET 200 https://registry.npmjs.org/js-yaml/-/js-yaml-3.14.2.tgz 943ms (cache miss)
653 http fetch GET 200 https://registry.npmjs.org/postcss 792ms (cache miss)
654 silly packumentCache corgi:https://registry.npmjs.org/postcss set size:undefined disposed:false
655 silly packumentCache corgi:https://registry.npmjs.org/next cache-miss
656 http fetch GET 200 https://registry.npmjs.org/next 1480ms (cache miss)
657 silly packumentCache corgi:https://registry.npmjs.org/next set size:undefined disposed:false
658 silly ADD node_modules/sprintf-js
659 silly ADD node_modules/esprima
660 silly ADD node_modules/vfile-message
661 silly ADD node_modules/unist-util-visit-parents
662 silly ADD node_modules/trough
663 silly ADD node_modules/is-plain-obj
664 silly ADD node_modules/extend
665 silly ADD node_modules/bail
666 silly ADD node_modules/character-entities-legacy
667 silly ADD node_modules/character-entities-html4
668 silly ADD node_modules/is-extendable
669 silly ADD node_modules/extend-shallow
670 silly ADD node_modules/unist-util-is
671 silly ADD node_modules/mdast-util-phrasing
672 silly ADD node_modules/longest-streak
673 silly ADD node_modules/mdast-util-to-markdown
674 silly ADD node_modules/micromark-util-html-tag-name
675 silly ADD node_modules/micromark-util-classify-character
676 silly ADD node_modules/micromark-factory-whitespace
677 silly ADD node_modules/micromark-factory-title
678 silly ADD node_modules/micromark-factory-label
679 silly ADD node_modules/micromark-factory-destination
680 silly ADD node_modules/@types/ms
681 silly ADD node_modules/micromark-util-subtokenize
682 silly ADD node_modules/micromark-util-resolve-all
683 silly ADD node_modules/micromark-util-combine-extensions
684 silly ADD node_modules/micromark-util-chunked
685 silly ADD node_modules/micromark-factory-space
686 silly ADD node_modules/micromark-core-commonmark
687 silly ADD node_modules/@types/debug
688 silly ADD node_modules/character-entities
689 silly ADD node_modules/unist-util-stringify-position
690 silly ADD node_modules/micromark-util-normalize-identifier
691 silly ADD node_modules/micromark-util-decode-string
692 silly ADD node_modules/micromark-util-decode-numeric-character-reference
693 silly ADD node_modules/micromark
694 silly ADD node_modules/mdast-util-to-string
695 silly ADD node_modules/decode-named-character-reference
696 silly ADD node_modules/mdast-util-from-markdown
697 silly ADD node_modules/micromark-util-types
698 silly ADD node_modules/micromark-util-symbol
699 silly ADD node_modules/micromark-util-encode
700 silly ADD node_modules/micromark-util-character
701 silly ADD node_modules/dequal
702 silly ADD node_modules/vfile
703 silly ADD node_modules/unist-util-visit
704 silly ADD node_modules/trim-lines
705 silly ADD node_modules/micromark-util-sanitize-uri
706 silly ADD node_modules/devlop
707 silly ADD node_modules/zwitch
708 silly ADD node_modules/stringify-entities
709 silly ADD node_modules/space-separated-tokens
710 silly ADD node_modules/property-information
711 silly ADD node_modules/html-void-elements
712 silly ADD node_modules/hast-util-whitespace
713 silly ADD node_modules/comma-separated-tokens
714 silly ADD node_modules/ccount
715 silly ADD node_modules/unist-util-position
716 silly ADD node_modules/@ungap/structured-clone
717 silly ADD node_modules/@types/hast
718 silly ADD node_modules/mdast-util-to-hast
719 silly ADD node_modules/hast-util-to-html
720 silly ADD node_modules/hast-util-sanitize
721 silly ADD node_modules/@types/unist
722 silly ADD node_modules/unified
723 silly ADD node_modules/remark-stringify
724 silly ADD node_modules/remark-parse
725 silly ADD node_modules/@types/mdast
726 silly ADD node_modules/strip-bom-string
727 silly ADD node_modules/section-matter
728 silly ADD node_modules/kind-of
729 silly ADD node_modules/remark-html
730 silly ADD node_modules/remark
731 silly ADD node_modules/gray-matter
732 silly ADD node_modules/gray-matter/node_modules/argparse
733 silly ADD node_modules/gray-matter/node_modules/js-yaml
734 silly REMOVE node_modules/@tybys/wasm-util
735 silly REMOVE node_modules/@napi-rs/wasm-runtime
736 silly REMOVE node_modules/@emnapi/wasi-threads
737 silly REMOVE node_modules/@emnapi/runtime
738 silly REMOVE node_modules/@emnapi/core
739 verbose cwd /Users/yusufbek/Documents/neurulab
740 verbose os Darwin 25.4.0
741 verbose node v24.15.0
742 verbose npm  v11.14.0
743 verbose exit 0
744 info ok
